Archive member included to satisfy reference by file (symbol)

/usr/lib/gcc/arm-none-eabi/10.3.1/../../../arm-none-eabi/lib/thumb/v7e-m+dp/hard/libc_nano.a(lib_a-atexit.o)
                              /usr/lib/gcc/arm-none-eabi/10.3.1/../../../arm-none-eabi/lib/thumb/v7e-m+dp/hard/crt0.o (atexit)
/usr/lib/gcc/arm-none-eabi/10.3.1/../../../arm-none-eabi/lib/thumb/v7e-m+dp/hard/libc_nano.a(lib_a-errno.o)
                              build/sysmem.o (__errno)
/usr/lib/gcc/arm-none-eabi/10.3.1/../../../arm-none-eabi/lib/thumb/v7e-m+dp/hard/libc_nano.a(lib_a-exit.o)
                              /usr/lib/gcc/arm-none-eabi/10.3.1/../../../arm-none-eabi/lib/thumb/v7e-m+dp/hard/crt0.o (exit)
/usr/lib/gcc/arm-none-eabi/10.3.1/../../../arm-none-eabi/lib/thumb/v7e-m+dp/hard/libc_nano.a(lib_a-fini.o)
                              /usr/lib/gcc/arm-none-eabi/10.3.1/../../../arm-none-eabi/lib/thumb/v7e-m+dp/hard/crt0.o (__libc_fini_array)
/usr/lib/gcc/arm-none-eabi/10.3.1/../../../arm-none-eabi/lib/thumb/v7e-m+dp/hard/libc_nano.a(lib_a-impure.o)
                              /usr/lib/gcc/arm-none-eabi/10.3.1/../../../arm-none-eabi/lib/thumb/v7e-m+dp/hard/libc_nano.a(lib_a-exit.o) (_global_impure_ptr)
/usr/lib/gcc/arm-none-eabi/10.3.1/../../../arm-none-eabi/lib/thumb/v7e-m+dp/hard/libc_nano.a(lib_a-init.o)
                              /usr/lib/gcc/arm-none-eabi/10.3.1/../../../arm-none-eabi/lib/thumb/v7e-m+dp/hard/crt0.o (__libc_init_array)
/usr/lib/gcc/arm-none-eabi/10.3.1/../../../arm-none-eabi/lib/thumb/v7e-m+dp/hard/libc_nano.a(lib_a-memcpy.o)
                              build/queue.o (memcpy)
/usr/lib/gcc/arm-none-eabi/10.3.1/../../../arm-none-eabi/lib/thumb/v7e-m+dp/hard/libc_nano.a(lib_a-memset.o)
                              /usr/lib/gcc/arm-none-eabi/10.3.1/../../../arm-none-eabi/lib/thumb/v7e-m+dp/hard/crt0.o (memset)
/usr/lib/gcc/arm-none-eabi/10.3.1/../../../arm-none-eabi/lib/thumb/v7e-m+dp/hard/libc_nano.a(lib_a-printf.o)
                              build/main.o (printf)
/usr/lib/gcc/arm-none-eabi/10.3.1/../../../arm-none-eabi/lib/thumb/v7e-m+dp/hard/libc_nano.a(lib_a-puts.o)
                              build/main.o (puts)
/usr/lib/gcc/arm-none-eabi/10.3.1/../../../arm-none-eabi/lib/thumb/v7e-m+dp/hard/libc_nano.a(lib_a-strlen.o)
                              build/tasks.o (strlen)
/usr/lib/gcc/arm-none-eabi/10.3.1/../../../arm-none-eabi/lib/thumb/v7e-m+dp/hard/libc_nano.a(lib_a-vsnprintf.o)
                              build/swo.o (vsnprintf)
/usr/lib/gcc/arm-none-eabi/10.3.1/../../../arm-none-eabi/lib/thumb/v7e-m+dp/hard/libc_nano.a(lib_a-wbuf.o)
                              /usr/lib/gcc/arm-none-eabi/10.3.1/../../../arm-none-eabi/lib/thumb/v7e-m+dp/hard/libc_nano.a(lib_a-puts.o) (__swbuf_r)
/usr/lib/gcc/arm-none-eabi/10.3.1/../../../arm-none-eabi/lib/thumb/v7e-m+dp/hard/libc_nano.a(lib_a-wsetup.o)
                              /usr/lib/gcc/arm-none-eabi/10.3.1/../../../arm-none-eabi/lib/thumb/v7e-m+dp/hard/libc_nano.a(lib_a-puts.o) (__swsetup_r)
/usr/lib/gcc/arm-none-eabi/10.3.1/../../../arm-none-eabi/lib/thumb/v7e-m+dp/hard/libc_nano.a(lib_a-__atexit.o)
                              /usr/lib/gcc/arm-none-eabi/10.3.1/../../../arm-none-eabi/lib/thumb/v7e-m+dp/hard/libc_nano.a(lib_a-atexit.o) (__register_exitproc)
/usr/lib/gcc/arm-none-eabi/10.3.1/../../../arm-none-eabi/lib/thumb/v7e-m+dp/hard/libc_nano.a(lib_a-__call_atexit.o)
                              /usr/lib/gcc/arm-none-eabi/10.3.1/../../../arm-none-eabi/lib/thumb/v7e-m+dp/hard/libc_nano.a(lib_a-__atexit.o) (__call_exitprocs)
/usr/lib/gcc/arm-none-eabi/10.3.1/../../../arm-none-eabi/lib/thumb/v7e-m+dp/hard/libc_nano.a(lib_a-fflush.o)
                              /usr/lib/gcc/arm-none-eabi/10.3.1/../../../arm-none-eabi/lib/thumb/v7e-m+dp/hard/libc_nano.a(lib_a-wbuf.o) (_fflush_r)
/usr/lib/gcc/arm-none-eabi/10.3.1/../../../arm-none-eabi/lib/thumb/v7e-m+dp/hard/libc_nano.a(lib_a-findfp.o)
                              /usr/lib/gcc/arm-none-eabi/10.3.1/../../../arm-none-eabi/lib/thumb/v7e-m+dp/hard/libc_nano.a(lib_a-printf.o) (__sinit)
/usr/lib/gcc/arm-none-eabi/10.3.1/../../../arm-none-eabi/lib/thumb/v7e-m+dp/hard/libc_nano.a(lib_a-fwalk.o)
                              /usr/lib/gcc/arm-none-eabi/10.3.1/../../../arm-none-eabi/lib/thumb/v7e-m+dp/hard/libc_nano.a(lib_a-findfp.o) (_fwalk)
/usr/lib/gcc/arm-none-eabi/10.3.1/../../../arm-none-eabi/lib/thumb/v7e-m+dp/hard/libc_nano.a(lib_a-makebuf.o)
                              /usr/lib/gcc/arm-none-eabi/10.3.1/../../../arm-none-eabi/lib/thumb/v7e-m+dp/hard/libc_nano.a(lib_a-wsetup.o) (__smakebuf_r)
/usr/lib/gcc/arm-none-eabi/10.3.1/../../../arm-none-eabi/lib/thumb/v7e-m+dp/hard/libc_nano.a(lib_a-nano-freer.o)
                              /usr/lib/gcc/arm-none-eabi/10.3.1/../../../arm-none-eabi/lib/thumb/v7e-m+dp/hard/libc_nano.a(lib_a-wsetup.o) (_free_r)
/usr/lib/gcc/arm-none-eabi/10.3.1/../../../arm-none-eabi/lib/thumb/v7e-m+dp/hard/libc_nano.a(lib_a-nano-mallocr.o)
[...]
Memory Configuration

Name             Origin             Length             Attributes
DTCMRAM          0x0000000020000000 0x0000000000020000 xrw
RAM              0x0000000024000000 0x0000000000080000 xrw
RAM_D2           0x0000000030000000 0x0000000000048000 xrw
RAM_D3           0x0000000038000000 0x0000000000010000 xrw
ITCMRAM          0x0000000000000000 0x0000000000010000 xrw
FLASH            0x0000000008000000 0x0000000000200000 xr
*default*        0x0000000000000000 0xffffffffffffffff

Linker script and memory map

LOAD /usr/lib/gcc/arm-none-eabi/10.3.1/thumb/v7e-m+dp/hard/crti.o
LOAD /usr/lib/gcc/arm-none-eabi/10.3.1/thumb/v7e-m+dp/hard/crtbegin.o
LOAD /usr/lib/gcc/arm-none-eabi/10.3.1/../../../arm-none-eabi/lib/thumb/v7e-m+dp/hard/crt0.o
LOAD build/main.o
LOAD build/gpio.o
LOAD build/freertos.o
LOAD build/mdma.o
LOAD build/quadspi.o
LOAD build/tim.o
LOAD build/stm32h7xx_it.o
LOAD build/stm32h7xx_hal_msp.o
LOAD build/swo.o
LOAD build/stm32h7xx_hal_cortex.o
LOAD build/stm32h7xx_hal_rcc.o
LOAD build/stm32h7xx_hal_rcc_ex.o
LOAD build/stm32h7xx_hal_flash.o
LOAD build/stm32h7xx_hal_flash_ex.o
LOAD build/stm32h7xx_hal_gpio.o
LOAD build/stm32h7xx_hal_hsem.o
LOAD build/stm32h7xx_hal_dma.o
LOAD build/stm32h7xx_hal_dma_ex.o
LOAD build/stm32h7xx_hal_mdma.o
LOAD build/stm32h7xx_hal_pwr.o
LOAD build/stm32h7xx_hal_pwr_ex.o
LOAD build/stm32h7xx_hal.o
LOAD build/stm32h7xx_hal_i2c.o
LOAD build/stm32h7xx_hal_i2c_ex.o
LOAD build/stm32h7xx_hal_exti.o
LOAD build/stm32h7xx_hal_qspi.o
LOAD build/stm32h7xx_ll_delayblock.o
LOAD build/stm32h7xx_hal_tim.o
LOAD build/stm32h7xx_hal_tim_ex.o
LOAD build/system_stm32h7xx.o
LOAD build/croutine.o
LOAD build/event_groups.o
LOAD build/list.o
LOAD build/queue.o
LOAD build/stream_buffer.o
LOAD build/tasks.o
LOAD build/timers.o
LOAD build/cmsis_os2.o
LOAD build/heap_4.o
LOAD build/port.o
LOAD build/sysmem.o
LOAD build/syscalls.o
LOAD build/startup_stm32h753xx.o
LOAD /usr/lib/gcc/arm-none-eabi/10.3.1/../../../arm-none-eabi/lib/thumb/v7e-m+dp/hard/libc_nano.a
LOAD /usr/lib/gcc/arm-none-eabi/10.3.1/../../../arm-none-eabi/lib/thumb/v7e-m+dp/hard/libm.a
LOAD /usr/lib/gcc/arm-none-eabi/10.3.1/../../../arm-none-eabi/lib/thumb/v7e-m+dp/hard/libnosys.a
START GROUP
LOAD /usr/lib/gcc/arm-none-eabi/10.3.1/thumb/v7e-m+dp/hard/libgcc.a
LOAD /usr/lib/gcc/arm-none-eabi/10.3.1/../../../arm-none-eabi/lib/thumb/v7e-m+dp/hard/libc_nano.a
END GROUP
START GROUP
LOAD /usr/lib/gcc/arm-none-eabi/10.3.1/thumb/v7e-m+dp/hard/libgcc.a
LOAD /usr/lib/gcc/arm-none-eabi/10.3.1/../../../arm-none-eabi/lib/thumb/v7e-m+dp/hard/libc_nano.a
END GROUP
LOAD /usr/lib/gcc/arm-none-eabi/10.3.1/thumb/v7e-m+dp/hard/crtend.o
LOAD /usr/lib/gcc/arm-none-eabi/10.3.1/thumb/v7e-m+dp/hard/crtn.o
                0x0000000020020000                _estack = (ORIGIN (DTCMRAM) + LENGTH (DTCMRAM))
                0x0000000000000200                _Min_Heap_Size = 0x200
                0x0000000000000400                _Min_Stack_Size = 0x400

.isr_vector     0x0000000008000000      0x298
                0x0000000008000000                . = ALIGN (0x4)
 *(.isr_vector)
 .isr_vector    0x0000000008000000      0x298 build/startup_stm32h753xx.o
                0x0000000008000000                g_pfnVectors
                0x0000000008000298                . = ALIGN (0x4)

.text           0x00000000080002a0     0x8d98
                0x00000000080002a0                . = ALIGN (0x4)
 *(.text)
 .text          0x00000000080002a0       0x88 /usr/lib/gcc/arm-none-eabi/10.3.1/thumb/v7e-m+dp/hard/crtbegin.o
 .text          0x0000000008000328        0xc /usr/lib/gcc/arm-none-eabi/10.3.1/../../../arm-none-eabi/lib/thumb/v7e-m+dp/hard/libc_nano.a(lib_a-errno.o)
                0x0000000008000328                __errno
 .text          0x0000000008000334       0x48 /usr/lib/gcc/arm-none-eabi/10.3.1/../../../arm-none-eabi/lib/thumb/v7e-m+dp/hard/libc_nano.a(lib_a-init.o)
                0x0000000008000334                __libc_init_array
 .text          0x000000000800037c      0x134 /usr/lib/gcc/arm-none-eabi/10.3.1/../../../arm-none-eabi/lib/thumb/v7e-m+dp/hard/libc_nano.a(lib_a-memcpy.o)
                0x000000000800037c                memcpy
 .text          0x00000000080004b0       0xa4 /usr/lib/gcc/arm-none-eabi/10.3.1/../../../arm-none-eabi/lib/thumb/v7e-m+dp/hard/libc_nano.a(lib_a-memset.o)
                0x00000000080004b0                memset
 .text          0x0000000008000554       0x60 /usr/lib/gcc/arm-none-eabi/10.3.1/../../../arm-none-eabi/lib/thumb/v7e-m+dp/hard/libc_nano.a(lib_a-printf.o)
                0x0000000008000554                _printf_r
                0x0000000008000554                _iprintf_r
                0x0000000008000580                printf
                0x0000000008000580                iprintf
 .text          0x00000000080005b4       0xec /usr/lib/gcc/arm-none-eabi/10.3.1/../../../arm-none-eabi/lib/thumb/v7e-m+dp/hard/libc_nano.a(lib_a-puts.o)
                0x00000000080005b4                _puts_r
                0x0000000008000690                puts
 .text          0x00000000080006a0       0xc8 /usr/lib/gcc/arm-none-eabi/10.3.1/../../../arm-none-eabi/lib/thumb/v7e-m+dp/hard/libc_nano.a(lib_a-wbuf.o)
                0x00000000080006a0                __swbuf_r
                0x0000000008000750                __swbuf
 .text          0x0000000008000768      0x104 /usr/lib/gcc/arm-none-eabi/10.3.1/../../../arm-none-eabi/lib/thumb/v7e-m+dp/hard/libc_nano.a(lib_a-wsetup.o)
                0x0000000008000768                __swsetup_r
 .text          0x000000000800086c      0x1e8 /usr/lib/gcc/arm-none-eabi/10.3.1/../../../arm-none-eabi/lib/thumb/v7e-m+dp/hard/libc_nano.a(lib_a-fflush.o)
                0x000000000800086c                __sflush_r
                0x0000000008000980                _fflush_r
                0x00000000080009d4                fflush
 .text          0x0000000008000a54      0x238 /usr/lib/gcc/arm-none-eabi/10.3.1/../../../arm-none-eabi/lib/thumb/v7e-m+dp/hard/libc_nano.a(lib_a-findfp.o)
                0x0000000008000a58                _cleanup_r
                0x0000000008000a68                __sfmoreglue
                0x0000000008000a98                __sfp
                0x0000000008000c38                _cleanup
                0x0000000008000c4c                __sinit
                0x0000000008000c54                __sfp_lock_acquire
                0x0000000008000c58                __sfp_lock_release
                0x0000000008000c5c                __sinit_lock_acquire
                0x0000000008000c60                __sinit_lock_release
                0x0000000008000c64                __fp_lock_all
                0x0000000008000c78                __fp_unlock_all
 .text          0x0000000008000c8c       0x88 /usr/lib/gcc/arm-none-eabi/10.3.1/../../../arm-none-eabi/lib/thumb/v7e-m+dp/hard/libc_nano.a(lib_a-fwalk.o)
                0x0000000008000c8c                _fwalk
                0x0000000008000ccc                _fwalk_reent
 .text          0x0000000008000d14      0x11c /usr/lib/gcc/arm-none-eabi/10.3.1/../../../arm-none-eabi/lib/thumb/v7e-m+dp/hard/libc_nano.a(lib_a-makebuf.o)
                0x0000000008000d14                __smakebuf_r
                0x0000000008000dd4                __swhatbuf_r
 .text          0x0000000008000e30       0xc4 /usr/lib/gcc/arm-none-eabi/10.3.1/../../../arm-none-eabi/lib/thumb/v7e-m+dp/hard/libc_nano.a(lib_a-nano-freer.o)
                0x0000000008000e30                _free_r
 .text          0x0000000008000ef4       0xb4 /usr/lib/gcc/arm-none-eabi/10.3.1/../../../arm-none-eabi/lib/thumb/v7e-m+dp/hard/libc_nano.a(lib_a-nano-mallocr.o)
                0x0000000008000ef4                _malloc_r
 .text          0x0000000008000fa8      0x328 /usr/lib/gcc/arm-none-eabi/10.3.1/../../../arm-none-eabi/lib/thumb/v7e-m+dp/hard/libc_nano.a(lib_a-nano-vfprintf.o)
                0x0000000008000fe4                __sfputs_r
                0x0000000008001014                __sprint_r
                0x0000000008001030                _vfiprintf_r
                0x0000000008001030                _vfprintf_r
                0x00000000080012b4                vfiprintf
                0x00000000080012b4                vfprintf
 .text          0x00000000080012d0      0x3dc /usr/lib/gcc/arm-none-eabi/10.3.1/../../../arm-none-eabi/lib/thumb/v7e-m+dp/hard/libc_nano.a(lib_a-nano-vfprintf_i.o)
                0x00000000080012d0                _printf_common
                0x00000000080013fc                _printf_i
 .text          0x00000000080016ac       0x24 /usr/lib/gcc/arm-none-eabi/10.3.1/../../../arm-none-eabi/lib/thumb/v7e-m+dp/hard/libc_nano.a(lib_a-sbrkr.o)
                0x00000000080016ac                _sbrk_r
 .text          0x00000000080016d0       0x90 /usr/lib/gcc/arm-none-eabi/10.3.1/../../../arm-none-eabi/lib/thumb/v7e-m+dp/hard/libc_nano.a(lib_a-stdio.o)
                0x00000000080016d0                __sread
                0x00000000080016f4                __seofread
                0x00000000080016f8                __swrite
                0x0000000008001738                __sseek
                0x0000000008001758                __sclose
 .text          0x0000000008001760       0x2c /usr/lib/gcc/arm-none-eabi/10.3.1/../../../arm-none-eabi/lib/thumb/v7e-m+dp/hard/libc_nano.a(lib_a-writer.o)
                0x0000000008001760                _write_r
 .text          0x000000000800178c       0x24 /usr/lib/gcc/arm-none-eabi/10.3.1/../../../arm-none-eabi/lib/thumb/v7e-m+dp/hard/libc_nano.a(lib_a-closer.o)
                0x000000000800178c                _close_r
 .text          0x00000000080017b0       0x2c /usr/lib/gcc/arm-none-eabi/10.3.1/../../../arm-none-eabi/lib/thumb/v7e-m+dp/hard/libc_nano.a(lib_a-fstatr.o)
                0x00000000080017b0                _fstat_r
 .text          0x00000000080017dc      0x2f0 /usr/lib/gcc/arm-none-eabi/10.3.1/../../../arm-none-eabi/lib/thumb/v7e-m+dp/hard/libc_nano.a(lib_a-fvwrite.o)
                0x00000000080017dc                __sfvwrite_r
 .text          0x0000000008001acc       0x24 /usr/lib/gcc/arm-none-eabi/10.3.1/../../../arm-none-eabi/lib/thumb/v7e-m+dp/hard/libc_nano.a(lib_a-isattyr.o)
                0x0000000008001acc                _isatty_r
 .text          0x0000000008001af0       0x2c /usr/lib/gcc/arm-none-eabi/10.3.1/../../../arm-none-eabi/lib/thumb/v7e-m+dp/hard/libc_nano.a(lib_a-lseekr.o)
                0x0000000008001af0                _lseek_r
 *fill*         0x0000000008001b1c        0x4 
 .text          0x0000000008001b20       0xa0 /usr/lib/gcc/arm-none-eabi/10.3.1/../../../arm-none-eabi/lib/thumb/v7e-m+dp/hard/libc_nano.a(lib_a-memchr.o)
                0x0000000008001b20                memchr
 .text          0x0000000008001bc0       0xf8 /usr/lib/gcc/arm-none-eabi/10.3.1/../../../arm-none-eabi/lib/thumb/v7e-m+dp/hard/libc_nano.a(lib_a-memmove.o)
                0x0000000008001bc0                memmove
 .text          0x0000000008001cb8        0x8 /usr/lib/gcc/arm-none-eabi/10.3.1/../../../arm-none-eabi/lib/thumb/v7e-m+dp/hard/libc_nano.a(lib_a-mlock.o)
                0x0000000008001cb8                __malloc_lock
                0x0000000008001cbc                __malloc_unlock
 .text          0x0000000008001cc0       0x50 /usr/lib/gcc/arm-none-eabi/10.3.1/../../../arm-none-eabi/lib/thumb/v7e-m+dp/hard/libc_nano.a(lib_a-nano-reallocr.o)
                0x0000000008001cc0                _realloc_r
 .text          0x0000000008001d10       0x2c /usr/lib/gcc/arm-none-eabi/10.3.1/../../../arm-none-eabi/lib/thumb/v7e-m+dp/hard/libc_nano.a(lib_a-readr.o)
                0x0000000008001d10                _read_r
 .text          0x0000000008001d3c       0x14 /usr/lib/gcc/arm-none-eabi/10.3.1/../../../arm-none-eabi/lib/thumb/v7e-m+dp/hard/libc_nano.a(lib_a-nano-msizer.o)
                0x0000000008001d3c                _malloc_usable_size_r
 *(.text*)
 .text.MPU_Config
                0x0000000008001d50       0x6e build/main.o
 *fill*         0x0000000008001dbe        0x2 
 .text.LED_SetMode
                0x0000000008001dc0       0x48 build/main.o
 .text.UpdateConnectionIndicators
                0x0000000008001e08       0x26 build/main.o
 *fill*         0x0000000008001e2e        0x2 
 .text.LED_ServiceTask
                0x0000000008001e30      0x1ec build/main.o
                0x0000000008001e30                LED_ServiceTask
 .text.Error_Handler
                0x000000000800201c        0x4 build/main.o
                0x000000000800201c                Error_Handler
 .text.SystemClock_Config
                0x0000000008002020       0xc0 build/main.o
                0x0000000008002020                SystemClock_Config
 .text.main     0x00000000080020e0       0xd0 build/main.o
                0x00000000080020e0                main
 .text.assert_failed
                0x00000000080021b0        0x2 build/main.o
                0x00000000080021b0                assert_failed
 .text.prv_led_state
                0x00000000080021b2        0x2 build/gpio.o
 .text.MX_GPIO_Init
                0x00000000080021b4      0x1dc build/gpio.o
                0x00000000080021b4                MX_GPIO_Init
 .text.LED_SetRed
                0x0000000008002390       0x18 build/gpio.o
                0x0000000008002390                LED_SetRed
 .text.LED_SetGreen
                0x00000000080023a8       0x18 build/gpio.o
                0x00000000080023a8                LED_SetGreen
 .text.LED_SetBlue
                0x00000000080023c0       0x18 build/gpio.o
                0x00000000080023c0                LED_SetBlue
 .text.LED_SetRGB
                0x00000000080023d8       0x18 build/gpio.o
                0x00000000080023d8                LED_SetRGB
 .text.LED_AllOff
                0x00000000080023f0        0xe build/gpio.o
                0x00000000080023f0                LED_AllOff
 .text.StartDefaultTask
                0x00000000080023fe        0xe build/freertos.o
                0x00000000080023fe                StartDefaultTask
 .text.StartUartPrintTask
                0x000000000800240c       0x18 build/freertos.o
                0x000000000800240c                StartUartPrintTask
 .text.MX_FREERTOS_Init
                0x0000000008002424       0x38 build/freertos.o
                0x0000000008002424                MX_FREERTOS_Init
 .text.MX_MDMA_Init
                0x000000000800245c       0x38 build/mdma.o
                0x000000000800245c                MX_MDMA_Init
 .text.QSPI_WriteEnable
                0x0000000008002494       0x34 build/quadspi.o
 .text.QSPI_WaitWhileBusy
                0x00000000080024c8       0x58 build/quadspi.o
 .text.QSPI_WriteStatusReg2
                0x0000000008002520       0x6c build/quadspi.o
 .text.QSPI_EraseSector
                0x000000000800258c       0x5c build/quadspi.o
 .text.QSPI_PageProgram
                0x00000000080025e8       0x80 build/quadspi.o
 .text.QSPI_ReadStatusReg2
                0x0000000008002668       0x64 build/quadspi.o
 .text.QSPI_SetQEBit
                0x00000000080026cc       0x5c build/quadspi.o
 .text.QSPI_EnsureQuadReady
                0x0000000008002728       0x1c build/quadspi.o
 .text.QSPI_EnableMemoryMappedQuad
                0x0000000008002744       0x60 build/quadspi.o
 .text.HAL_QSPI_MspInit
                0x00000000080027a4      0x19c build/quadspi.o
                0x00000000080027a4                HAL_QSPI_MspInit
 .text.QSPI_FlashDemo
                0x0000000008002940       0x60 build/quadspi.o
                0x0000000008002940                QSPI_FlashDemo
 .text.QSPI_ReadJEDEC_ID
                0x00000000080029a0       0x84 build/quadspi.o
                0x00000000080029a0                QSPI_ReadJEDEC_ID
 .text.QSPI_CheckFlashSize
                0x0000000008002a24       0x58 build/quadspi.o
                0x0000000008002a24                QSPI_CheckFlashSize
 .text.MX_QUADSPI_Init
                0x0000000008002a7c       0x88 build/quadspi.o
                0x0000000008002a7c                MX_QUADSPI_Init
 .text.QSPI_IsMemoryMapped
                0x0000000008002b04        0xc build/quadspi.o
                0x0000000008002b04                QSPI_IsMemoryMapped
 .text.QSPI_LastCheckStatus
                0x0000000008002b10        0xc build/quadspi.o
                0x0000000008002b10                QSPI_LastCheckStatus
 .text.MX_TIM2_Init
                0x0000000008002b1c       0x70 build/tim.o
                0x0000000008002b1c                MX_TIM2_Init
 .text.HAL_TIM_Base_MspInit
                0x0000000008002b8c       0x30 build/tim.o
                0x0000000008002b8c                HAL_TIM_Base_MspInit
 .text.NMI_Handler
                0x0000000008002bbc        0x2 build/stm32h7xx_it.o
                0x0000000008002bbc                NMI_Handler
 .text.HardFault_Handler
                0x0000000008002bbe        0x2 build/stm32h7xx_it.o
                0x0000000008002bbe                HardFault_Handler
 .text.MemManage_Handler
                0x0000000008002bc0        0x2 build/stm32h7xx_it.o
                0x0000000008002bc0                MemManage_Handler
 .text.BusFault_Handler
                0x0000000008002bc2        0x2 build/stm32h7xx_it.o
                0x0000000008002bc2                BusFault_Handler
 .text.UsageFault_Handler
                0x0000000008002bc4        0x2 build/stm32h7xx_it.o
                0x0000000008002bc4                UsageFault_Handler
 .text.DebugMon_Handler
                0x0000000008002bc6        0x2 build/stm32h7xx_it.o
                0x0000000008002bc6                DebugMon_Handler
 .text.SysTick_Handler
                0x0000000008002bc8       0x16 build/stm32h7xx_it.o
                0x0000000008002bc8                SysTick_Handler
 *fill*         0x0000000008002bde        0x2 
 .text.MDMA_IRQHandler
                0x0000000008002be0       0x10 build/stm32h7xx_it.o
                0x0000000008002be0                MDMA_IRQHandler
 .text.HAL_MspInit
                0x0000000008002bf0       0x34 build/stm32h7xx_hal_msp.o
                0x0000000008002bf0                HAL_MspInit
 .text.Debug_IsConnected
                0x0000000008002c24       0x10 build/swo.o
                0x0000000008002c24                Debug_IsConnected
 .text.SWO_Init
                0x0000000008002c34       0x80 build/swo.o
                0x0000000008002c34                SWO_Init
 .text.SWO_WriteChar
                0x0000000008002cb4       0x32 build/swo.o
                0x0000000008002cb4                SWO_WriteChar
 .text.SWO_Print
                0x0000000008002ce6       0x16 build/swo.o
                0x0000000008002ce6                SWO_Print
 .text.__io_putchar
                0x0000000008002cfc       0x16 build/swo.o
                0x0000000008002cfc                __io_putchar
 *fill*         0x0000000008002d12        0x2 
 .text.HAL_NVIC_SetPriorityGrouping
                0x0000000008002d14       0x3c build/stm32h7xx_hal_cortex.o
                0x0000000008002d14                HAL_NVIC_SetPriorityGrouping
 .text.HAL_NVIC_SetPriority
                0x0000000008002d50       0x88 build/stm32h7xx_hal_cortex.o
                0x0000000008002d50                HAL_NVIC_SetPriority
 .text.HAL_NVIC_EnableIRQ
                0x0000000008002dd8       0x30 build/stm32h7xx_hal_cortex.o
                0x0000000008002dd8                HAL_NVIC_EnableIRQ
 .text.HAL_SYSTICK_Config
                0x0000000008002e08       0x28 build/stm32h7xx_hal_cortex.o
                0x0000000008002e08                HAL_SYSTICK_Config
 .text.HAL_MPU_Disable
                0x0000000008002e30       0x1c build/stm32h7xx_hal_cortex.o
                0x0000000008002e30                HAL_MPU_Disable
 .text.HAL_MPU_Enable
                0x0000000008002e4c       0x20 build/stm32h7xx_hal_cortex.o
                0x0000000008002e4c                HAL_MPU_Enable
 .text.HAL_MPU_ConfigRegion
                0x0000000008002e6c      0x120 build/stm32h7xx_hal_cortex.o
                0x0000000008002e6c                HAL_MPU_ConfigRegion
 .text.HAL_RCC_OscConfig
                0x0000000008002f8c      0x880 build/stm32h7xx_hal_rcc.o
                0x0000000008002f8c                HAL_RCC_OscConfig
 .text.HAL_RCC_GetSysClockFreq
                0x000000000800380c      0x1f4 build/stm32h7xx_hal_rcc.o
                0x000000000800380c                HAL_RCC_GetSysClockFreq
 .text.HAL_RCC_ClockConfig
                0x0000000008003a00      0x4b4 build/stm32h7xx_hal_rcc.o
                0x0000000008003a00                HAL_RCC_ClockConfig
 .text.RCCEx_PLL2_Config
                0x0000000008003eb4      0x1c0 build/stm32h7xx_hal_rcc_ex.o
 .text.RCCEx_PLL3_Config
                0x0000000008004074      0x1c8 build/stm32h7xx_hal_rcc_ex.o
 .text.HAL_RCCEx_PeriphCLKConfig
                0x000000000800423c      0xdf4 build/stm32h7xx_hal_rcc_ex.o
                0x000000000800423c                HAL_RCCEx_PeriphCLKConfig
 .text.HAL_GPIO_Init
                0x0000000008005030      0x390 build/stm32h7xx_hal_gpio.o
                0x0000000008005030                HAL_GPIO_Init
 .text.HAL_GPIO_WritePin
                0x00000000080053c0       0x38 build/stm32h7xx_hal_gpio.o
                0x00000000080053c0                HAL_GPIO_WritePin
 .text.MDMA_Init
                0x00000000080053f8       0xb8 build/stm32h7xx_hal_mdma.o
 .text.HAL_MDMA_Init
                0x00000000080054b0      0x308 build/stm32h7xx_hal_mdma.o
                0x00000000080054b0                HAL_MDMA_Init
 .text.HAL_MDMA_ConfigPostRequestMask
                0x00000000080057b8       0x66 build/stm32h7xx_hal_mdma.o
                0x00000000080057b8                HAL_MDMA_ConfigPostRequestMask
 *fill*         0x000000000800581e        0x2 
 .text.HAL_MDMA_IRQHandler
                0x0000000008005820      0x1b4 build/stm32h7xx_hal_mdma.o
                0x0000000008005820                HAL_MDMA_IRQHandler
 .text.HAL_PWREx_ConfigSupply
                0x00000000080059d4       0x6c build/stm32h7xx_hal_pwr_ex.o
                0x00000000080059d4                HAL_PWREx_ConfigSupply
 .text.HAL_InitTick
                0x0000000008005a40       0x50 build/stm32h7xx_hal.o
                0x0000000008005a40                HAL_InitTick
 .text.HAL_Init
                0x0000000008005a90       0x5c build/stm32h7xx_hal.o
                0x0000000008005a90                HAL_Init
 .text.HAL_IncTick
                0x0000000008005aec       0x18 build/stm32h7xx_hal.o
                0x0000000008005aec                HAL_IncTick
 .text.HAL_GetTick
                0x0000000008005b04        0xc build/stm32h7xx_hal.o
                0x0000000008005b04                HAL_GetTick
 .text.HAL_Delay
                0x0000000008005b10       0x28 build/stm32h7xx_hal.o
                0x0000000008005b10                HAL_Delay
 .text.HAL_GetREVID
                0x0000000008005b38        0xc build/stm32h7xx_hal.o
                0x0000000008005b38                HAL_GetREVID
 .text.QSPI_WaitFlagStateUntilTimeout
                0x0000000008005b44       0x54 build/stm32h7xx_hal_qspi.o
 .text.QSPI_Config
                0x0000000008005b98      0x220 build/stm32h7xx_hal_qspi.o
 .text.HAL_QSPI_Command
                0x0000000008005db8      0x1ec build/stm32h7xx_hal_qspi.o
                0x0000000008005db8                HAL_QSPI_Command
 .text.HAL_QSPI_Transmit
                0x0000000008005fa4       0xd2 build/stm32h7xx_hal_qspi.o
                0x0000000008005fa4                HAL_QSPI_Transmit
 .text.HAL_QSPI_Receive
                0x0000000008006076       0xde build/stm32h7xx_hal_qspi.o
                0x0000000008006076                HAL_QSPI_Receive
 .text.HAL_QSPI_AutoPolling
                0x0000000008006154      0x24c build/stm32h7xx_hal_qspi.o
                0x0000000008006154                HAL_QSPI_AutoPolling
 .text.HAL_QSPI_MemoryMapped
                0x00000000080063a0      0x214 build/stm32h7xx_hal_qspi.o
                0x00000000080063a0                HAL_QSPI_MemoryMapped
 .text.HAL_QSPI_SetTimeout
                0x00000000080065b4        0x4 build/stm32h7xx_hal_qspi.o
                0x00000000080065b4                HAL_QSPI_SetTimeout
 .text.HAL_QSPI_Init
                0x00000000080065b8      0x190 build/stm32h7xx_hal_qspi.o
                0x00000000080065b8                HAL_QSPI_Init
 .text.TIM_TI1_ConfigInputStage
                0x0000000008006748       0x26 build/stm32h7xx_hal_tim.o
 .text.TIM_TI2_ConfigInputStage
                0x000000000800676e       0x28 build/stm32h7xx_hal_tim.o
 *fill*         0x0000000008006796        0x2 
 .text.TIM_ITRx_SetConfig
                0x0000000008006798       0x14 build/stm32h7xx_hal_tim.o
 .text.TIM_Base_SetConfig
                0x00000000080067ac      0x104 build/stm32h7xx_hal_tim.o
                0x00000000080067ac                TIM_Base_SetConfig
 .text.HAL_TIM_Base_Init
                0x00000000080068b0      0x17c build/stm32h7xx_hal_tim.o
                0x00000000080068b0                HAL_TIM_Base_Init
 .text.TIM_ETR_SetConfig
                0x0000000008006a2c       0x1a build/stm32h7xx_hal_tim.o
                0x0000000008006a2c                TIM_ETR_SetConfig
 *fill*         0x0000000008006a46        0x2 
 .text.HAL_TIM_ConfigClockSource
                0x0000000008006a48      0x540 build/stm32h7xx_hal_tim.o
                0x0000000008006a48                HAL_TIM_ConfigClockSource
 .text.HAL_TIMEx_MasterConfigSynchronization
                0x0000000008006f88      0x1b0 build/stm32h7xx_hal_tim_ex.o
                0x0000000008006f88                HAL_TIMEx_MasterConfigSynchronization
 .text.SystemInit
                0x0000000008007138       0xf8 build/system_stm32h7xx.o
                0x0000000008007138                SystemInit
 .text.ExitRun0Mode
                0x0000000008007230       0x1c build/system_stm32h7xx.o
                0x0000000008007230                ExitRun0Mode
 .text.vListInitialise
                0x000000000800724c       0x16 build/list.o
                0x000000000800724c                vListInitialise
 .text.vListInitialiseItem
                0x0000000008007262        0x6 build/list.o
                0x0000000008007262                vListInitialiseItem
 .text.vListInsertEnd
                0x0000000008007268       0x16 build/list.o
                0x0000000008007268                vListInsertEnd
 .text.vListInsert
                0x000000000800727e       0x32 build/list.o
                0x000000000800727e                vListInsert
 .text.uxListRemove
                0x00000000080072b0       0x26 build/list.o
                0x00000000080072b0                uxListRemove
 .text.prvIsQueueFull
                0x00000000080072d6       0x1e build/queue.o
 .text.prvIsQueueEmpty
                0x00000000080072f4       0x1a build/queue.o
 .text.prvCopyDataToQueue
                0x000000000800730e       0x76 build/queue.o
 .text.prvCopyDataFromQueue
                0x0000000008007384       0x24 build/queue.o
 .text.prvUnlockQueue
                0x00000000080073a8       0x6e build/queue.o
 .text.xQueueGenericReset
                0x0000000008007416       0x84 build/queue.o
                0x0000000008007416                xQueueGenericReset
 .text.prvInitialiseNewQueue
                0x000000000800749a       0x22 build/queue.o
 .text.xQueueGenericCreateStatic
                0x00000000080074bc       0xa6 build/queue.o
                0x00000000080074bc                xQueueGenericCreateStatic
 .text.xQueueGenericSend
                0x0000000008007562      0x188 build/queue.o
                0x0000000008007562                xQueueGenericSend
 .text.xQueueGenericSendFromISR
                0x00000000080076ea       0xce build/queue.o
                0x00000000080076ea                xQueueGenericSendFromISR
 .text.xQueueReceive
                0x00000000080077b8      0x15e build/queue.o
                0x00000000080077b8                xQueueReceive
 *fill*         0x0000000008007916        0x2 
 .text.vQueueAddToRegistry
                0x0000000008007918       0x28 build/queue.o
                0x0000000008007918                vQueueAddToRegistry
 .text.vQueueWaitForMessageRestricted
                0x0000000008007940       0x52 build/queue.o
                0x0000000008007940                vQueueWaitForMessageRestricted
 *fill*         0x0000000008007992        0x2 
 .text.prvResetNextTaskUnblockTime
                0x0000000008007994       0x2c build/tasks.o
 .text.prvInitialiseNewTask
                0x00000000080079c0       0xac build/tasks.o
 .text.prvInitialiseTaskLists
                0x0000000008007a6c       0x68 build/tasks.o
 .text.prvAddNewTaskToReadyList
                0x0000000008007ad4       0xac build/tasks.o
 .text.prvDeleteTCB
                0x0000000008007b80       0x38 build/tasks.o
 .text.prvCheckTasksWaitingTermination
                0x0000000008007bb8       0x4c build/tasks.o
 .text.prvIdleTask
                0x0000000008007c04       0x28 build/tasks.o
 .text.prvAddCurrentTaskToDelayedList
                0x0000000008007c2c       0x8c build/tasks.o
 .text.xTaskCreateStatic
                0x0000000008007cb8       0x76 build/tasks.o
                0x0000000008007cb8                xTaskCreateStatic
 .text.xTaskCreate
                0x0000000008007d2e       0x68 build/tasks.o
                0x0000000008007d2e                xTaskCreate
 *fill*         0x0000000008007d96        0x2 
 .text.vTaskStartScheduler
                0x0000000008007d98       0x9c build/tasks.o
                0x0000000008007d98                vTaskStartScheduler
 .text.vTaskSuspendAll
                0x0000000008007e34       0x10 build/tasks.o
                0x0000000008007e34                vTaskSuspendAll
 .text.xTaskGetTickCount
                0x0000000008007e44        0xc build/tasks.o
                0x0000000008007e44                xTaskGetTickCount
 .text.xTaskIncrementTick
                0x0000000008007e50      0x118 build/tasks.o
                0x0000000008007e50                xTaskIncrementTick
 .text.xTaskResumeAll
                0x0000000008007f68       0xf8 build/tasks.o
                0x0000000008007f68                xTaskResumeAll
 .text.vTaskDelay
                0x0000000008008060       0x4c build/tasks.o
                0x0000000008008060                vTaskDelay
 .text.vTaskSwitchContext
                0x00000000080080ac       0x94 build/tasks.o
                0x00000000080080ac                vTaskSwitchContext
 .text.vTaskPlaceOnEventList
                0x0000000008008140       0x30 build/tasks.o
                0x0000000008008140                vTaskPlaceOnEventList
 .text.vTaskPlaceOnEventListRestricted
                0x0000000008008170       0x38 build/tasks.o
                0x0000000008008170                vTaskPlaceOnEventListRestricted
 .text.xTaskRemoveFromEventList
                0x00000000080081a8       0x8c build/tasks.o
                0x00000000080081a8                xTaskRemoveFromEventList
 .text.vTaskInternalSetTimeOutState
                0x0000000008008234       0x18 build/tasks.o
                0x0000000008008234                vTaskInternalSetTimeOutState
 .text.xTaskCheckForTimeOut
                0x000000000800824c       0xa0 build/tasks.o
                0x000000000800824c                xTaskCheckForTimeOut
 .text.vTaskMissedYield
                0x00000000080082ec        0xc build/tasks.o
                0x00000000080082ec                vTaskMissedYield
 .text.xTaskGetSchedulerState
                0x00000000080082f8       0x20 build/tasks.o
                0x00000000080082f8                xTaskGetSchedulerState
 .text.xTaskPriorityDisinherit
                0x0000000008008318       0x90 build/tasks.o
                0x0000000008008318                xTaskPriorityDisinherit
 .text.prvGetNextExpireTime
                0x00000000080083a8       0x20 build/timers.o
 .text.prvInsertTimerInActiveList
                0x00000000080083c8       0x50 build/timers.o
 .text.prvCheckForValidListAndQueue
                0x0000000008008418       0x70 build/timers.o
 .text.xTimerCreateTimerTask
                0x0000000008008488       0x64 build/timers.o
                0x0000000008008488                xTimerCreateTimerTask
 .text.xTimerGenericCommand
                0x00000000080084ec       0x6c build/timers.o
                0x00000000080084ec                xTimerGenericCommand
 .text.prvSwitchTimerLists
                0x0000000008008558       0x7c build/timers.o
 .text.prvSampleTimeNow
                0x00000000080085d4       0x2c build/timers.o
 .text.prvProcessExpiredTimer
                0x0000000008008600       0x6c build/timers.o
 .text.prvProcessTimerOrBlockTask
                0x000000000800866c       0x78 build/timers.o
 .text.prvProcessReceivedCommands
                0x00000000080086e4      0x10c build/timers.o
 .text.prvTimerTask
                0x00000000080087f0       0x16 build/timers.o
 *fill*         0x0000000008008806        0x2 
 .text.osKernelInitialize
                0x0000000008008808       0x24 build/cmsis_os2.o
                0x0000000008008808                osKernelInitialize
 .text.osKernelStart
                0x000000000800882c       0x38 build/cmsis_os2.o
                0x000000000800882c                osKernelStart
 .text.osThreadNew
                0x0000000008008864       0xbc build/cmsis_os2.o
                0x0000000008008864                osThreadNew
 .text.osDelay  0x0000000008008920       0x1c build/cmsis_os2.o
                0x0000000008008920                osDelay
 .text.vApplicationGetIdleTaskMemory
                0x000000000800893c       0x18 build/cmsis_os2.o
                0x000000000800893c                vApplicationGetIdleTaskMemory
 .text.vApplicationGetTimerTaskMemory
                0x0000000008008954       0x18 build/cmsis_os2.o
                0x0000000008008954                vApplicationGetTimerTaskMemory
 .text.prvHeapInit
                0x000000000800896c       0x64 build/heap_4.o
 .text.prvInsertBlockIntoFreeList
                0x00000000080089d0       0x64 build/heap_4.o
 .text.pvPortMalloc
                0x0000000008008a34       0xfc build/heap_4.o
                0x0000000008008a34                pvPortMalloc
 .text.vPortFree
                0x0000000008008b30       0x7c build/heap_4.o
                0x0000000008008b30                vPortFree
 .text.prvTaskExitError
                0x0000000008008bac       0x40 build/port.o
 .text.prvPortStartFirstTask
                0x0000000008008bec       0x28 build/port.o
 .text.vPortEnableVFP
                0x0000000008008c14       0x14 build/port.o
 .text.pxPortInitialiseStack
                0x0000000008008c28       0x2c build/port.o
                0x0000000008008c28                pxPortInitialiseStack
 *fill*         0x0000000008008c54        0xc 
 .text.SVC_Handler
                0x0000000008008c60       0x24 build/port.o
                0x0000000008008c60                SVC_Handler
 .text.vPortEnterCritical
                0x0000000008008c84       0x44 build/port.o
                0x0000000008008c84                vPortEnterCritical
 .text.vPortExitCritical
                0x0000000008008cc8       0x2c build/port.o
                0x0000000008008cc8                vPortExitCritical
 *fill*         0x0000000008008cf4        0xc 
 .text.PendSV_Handler
                0x0000000008008d00       0x64 build/port.o
                0x0000000008008d00                PendSV_Handler
 .text.xPortSysTickHandler
                0x0000000008008d64       0x2c build/port.o
                0x0000000008008d64                xPortSysTickHandler
 .text.vPortSetupTimerInterrupt
                0x0000000008008d90       0x28 build/port.o
                0x0000000008008d90                vPortSetupTimerInterrupt
 .text.xPortStartScheduler
                0x0000000008008db8      0x118 build/port.o
                0x0000000008008db8                xPortStartScheduler
 .text.vPortValidateInterruptPriority
                0x0000000008008ed0       0x5c build/port.o
                0x0000000008008ed0                vPortValidateInterruptPriority
 .text._sbrk    0x0000000008008f2c       0x48 build/sysmem.o
                0x0000000008008f2c                _sbrk
 .text._read    0x0000000008008f74       0x20 build/syscalls.o
                0x0000000008008f74                _read
 .text._write   0x0000000008008f94       0x1c build/syscalls.o
                0x0000000008008f94                _write
 .text._close   0x0000000008008fb0        0x6 build/syscalls.o
                0x0000000008008fb0                _close
 .text._fstat   0x0000000008008fb6        0xa build/syscalls.o
                0x0000000008008fb6                _fstat
 .text._isatty  0x0000000008008fc0        0x4 build/syscalls.o
                0x0000000008008fc0                _isatty
 .text._lseek   0x0000000008008fc4        0x4 build/syscalls.o
                0x0000000008008fc4                _lseek
 .text.Reset_Handler
                0x0000000008008fc8       0x54 build/startup_stm32h753xx.o
                0x0000000008008fc8                Reset_Handler
 .text.Default_Handler
                0x000000000800901c        0x2 build/startup_stm32h753xx.o
                0x000000000800901c                RTC_Alarm_IRQHandler
                0x000000000800901c                HASH_RNG_IRQHandler
                0x000000000800901c                EXTI2_IRQHandler
                0x000000000800901c                TIM8_CC_IRQHandler
                0x000000000800901c                HRTIM1_Master_IRQHandler
                0x000000000800901c                UART8_IRQHandler
                0x000000000800901c                SPI4_IRQHandler
                0x000000000800901c                TIM1_CC_IRQHandler
                0x000000000800901c                BDMA_Channel6_IRQHandler
                0x000000000800901c                DMA2_Stream5_IRQHandler
                0x000000000800901c                HRTIM1_FLT_IRQHandler
                0x000000000800901c                JPEG_IRQHandler
                0x000000000800901c                DMA1_Stream5_IRQHandler
                0x000000000800901c                BDMA_Channel1_IRQHandler
                0x000000000800901c                HRTIM1_TIMD_IRQHandler
                0x000000000800901c                TAMP_STAMP_IRQHandler
                0x000000000800901c                EXTI3_IRQHandler
                0x000000000800901c                LPTIM4_IRQHandler
                0x000000000800901c                TIM8_TRG_COM_TIM14_IRQHandler
                0x000000000800901c                LPTIM2_IRQHandler
                0x000000000800901c                DFSDM1_FLT1_IRQHandler
                0x000000000800901c                DMAMUX2_OVR_IRQHandler
                0x000000000800901c                TIM8_UP_TIM13_IRQHandler
                0x000000000800901c                I2C3_ER_IRQHandler
                0x000000000800901c                DFSDM1_FLT2_IRQHandler
                0x000000000800901c                LPTIM3_IRQHandler
                0x000000000800901c                HSEM1_IRQHandler
                0x000000000800901c                EXTI0_IRQHandler
                0x000000000800901c                I2C2_EV_IRQHandler
                0x000000000800901c                DMA1_Stream2_IRQHandler
                0x000000000800901c                FPU_IRQHandler
                0x000000000800901c                OTG_HS_WKUP_IRQHandler
                0x000000000800901c                FDCAN1_IT1_IRQHandler
                0x000000000800901c                LTDC_ER_IRQHandler
                0x000000000800901c                DMA2_Stream2_IRQHandler
                0x000000000800901c                HRTIM1_TIME_IRQHandler
                0x000000000800901c                SPI1_IRQHandler
                0x000000000800901c                TIM6_DAC_IRQHandler
                0x000000000800901c                DCMI_IRQHandler
                0x000000000800901c                HRTIM1_TIMC_IRQHandler
                0x000000000800901c                DMA2_Stream3_IRQHandler
                0x000000000800901c                SAI2_IRQHandler
                0x000000000800901c                DFSDM1_FLT3_IRQHandler
                0x000000000800901c                USART6_IRQHandler
                0x000000000800901c                TIM17_IRQHandler
                0x000000000800901c                USART3_IRQHandler
                0x000000000800901c                BDMA_Channel7_IRQHandler
                0x000000000800901c                CRYP_IRQHandler
                0x000000000800901c                LPTIM5_IRQHandler
                0x000000000800901c                UART5_IRQHandler
                0x000000000800901c                ADC3_IRQHandler
                0x000000000800901c                DMA2_Stream0_IRQHandler
                0x000000000800901c                TIM4_IRQHandler
                0x000000000800901c                BDMA_Channel2_IRQHandler
                0x000000000800901c                QUADSPI_IRQHandler
                0x000000000800901c                I2C1_EV_IRQHandler
                0x000000000800901c                DMA1_Stream6_IRQHandler
                0x000000000800901c                DMAMUX1_OVR_IRQHandler
                0x000000000800901c                DMA1_Stream1_IRQHandler
                0x000000000800901c                TIM16_IRQHandler
                0x000000000800901c                UART4_IRQHandler
                0x000000000800901c                BDMA_Channel5_IRQHandler
                0x000000000800901c                TIM3_IRQHandler
                0x000000000800901c                RCC_IRQHandler
                0x000000000800901c                TIM8_BRK_TIM12_IRQHandler
                0x000000000800901c                TIM1_TRG_COM_IRQHandler
                0x000000000800901c                Default_Handler
                0x000000000800901c                ECC_IRQHandler
                0x000000000800901c                CEC_IRQHandler
                0x000000000800901c                EXTI15_10_IRQHandler
                0x000000000800901c                BDMA_Channel0_IRQHandler
                0x000000000800901c                ADC_IRQHandler
                0x000000000800901c                DMA1_Stream7_IRQHandler
                0x000000000800901c                HRTIM1_TIMA_IRQHandler
                0x000000000800901c                SPI5_IRQHandler
                0x000000000800901c                TIM7_IRQHandler
                0x000000000800901c                SDMMC1_IRQHandler
                0x000000000800901c                TIM5_IRQHandler
                0x000000000800901c                DMA2_Stream7_IRQHandler
                0x000000000800901c                TIM15_IRQHandler
                0x000000000800901c                PVD_AVD_IRQHandler
                0x000000000800901c                I2C3_EV_IRQHandler
                0x000000000800901c                EXTI9_5_IRQHandler
                0x000000000800901c                RTC_WKUP_IRQHandler
                0x000000000800901c                LTDC_IRQHandler
                0x000000000800901c                SAI3_IRQHandler
                0x000000000800901c                ETH_WKUP_IRQHandler
                0x000000000800901c                SPDIF_RX_IRQHandler
                0x000000000800901c                SPI2_IRQHandler
                0x000000000800901c                OTG_HS_EP1_IN_IRQHandler
                0x000000000800901c                DMA1_Stream0_IRQHandler
                0x000000000800901c                CRS_IRQHandler
                0x000000000800901c                EXTI4_IRQHandler
                0x000000000800901c                HRTIM1_TIMB_IRQHandler
                0x000000000800901c                FDCAN2_IT1_IRQHandler
                0x000000000800901c                ETH_IRQHandler
                0x000000000800901c                TIM1_UP_IRQHandler
                0x000000000800901c                BDMA_Channel4_IRQHandler
                0x000000000800901c                OTG_HS_EP1_OUT_IRQHandler
                0x000000000800901c                WWDG_IRQHandler
                0x000000000800901c                SPI6_IRQHandler
                0x000000000800901c                MDIOS_IRQHandler
                0x000000000800901c                I2C4_EV_IRQHandler
                0x000000000800901c                FDCAN2_IT0_IRQHandler
                0x000000000800901c                LPUART1_IRQHandler
                0x000000000800901c                FDCAN1_IT0_IRQHandler
                0x000000000800901c                TIM2_IRQHandler
                0x000000000800901c                OTG_FS_WKUP_IRQHandler
                0x000000000800901c                OTG_HS_IRQHandler
                0x000000000800901c                DMA2D_IRQHandler
                0x000000000800901c                TIM1_BRK_IRQHandler
                0x000000000800901c                EXTI1_IRQHandler
                0x000000000800901c                SDMMC2_IRQHandler
                0x000000000800901c                OTG_FS_EP1_OUT_IRQHandler
                0x000000000800901c                BDMA_Channel3_IRQHandler
                0x000000000800901c                UART7_IRQHandler
                0x000000000800901c                MDIOS_WKUP_IRQHandler
                0x000000000800901c                USART2_IRQHandler
                0x000000000800901c                DFSDM1_FLT0_IRQHandler
                0x000000000800901c                SAI4_IRQHandler
                0x000000000800901c                I2C2_ER_IRQHandler
                0x000000000800901c                DMA2_Stream1_IRQHandler
                0x000000000800901c                FLASH_IRQHandler
                0x000000000800901c                DMA2_Stream4_IRQHandler
                0x000000000800901c                USART1_IRQHandler
                0x000000000800901c                OTG_FS_IRQHandler
                0x000000000800901c                SPI3_IRQHandler
                0x000000000800901c                WAKEUP_PIN_IRQHandler
                0x000000000800901c                DMA1_Stream4_IRQHandler
                0x000000000800901c                OTG_FS_EP1_IN_IRQHandler
                0x000000000800901c                I2C1_ER_IRQHandler
                0x000000000800901c                FMC_IRQHandler
                0x000000000800901c                FDCAN_CAL_IRQHandler
                0x000000000800901c                SWPMI1_IRQHandler
                0x000000000800901c                COMP1_IRQHandler
                0x000000000800901c                LPTIM1_IRQHandler
                0x000000000800901c                I2C4_ER_IRQHandler
                0x000000000800901c                DMA2_Stream6_IRQHandler
                0x000000000800901c                SAI1_IRQHandler
                0x000000000800901c                DMA1_Stream3_IRQHandler
 *(.glue_7)
 .glue_7        0x000000000800901e        0x0 linker stubs
 *(.glue_7t)
 .glue_7t       0x000000000800901e        0x0 linker stubs
 *(.eh_frame)
 *fill*         0x000000000800901e        0x2 
 .eh_frame      0x0000000008009020        0x0 /usr/lib/gcc/arm-none-eabi/10.3.1/thumb/v7e-m+dp/hard/crtbegin.o
 *(.init)
 .init          0x0000000008009020        0x4 /usr/lib/gcc/arm-none-eabi/10.3.1/thumb/v7e-m+dp/hard/crti.o
                0x0000000008009020                _init
 .init          0x0000000008009024        0x8 /usr/lib/gcc/arm-none-eabi/10.3.1/thumb/v7e-m+dp/hard/crtn.o
 *(.fini)
 .fini          0x000000000800902c        0x4 /usr/lib/gcc/arm-none-eabi/10.3.1/thumb/v7e-m+dp/hard/crti.o
                0x000000000800902c                _fini
 .fini          0x0000000008009030        0x8 /usr/lib/gcc/arm-none-eabi/10.3.1/thumb/v7e-m+dp/hard/crtn.o
                0x0000000008009038                . = ALIGN (0x4)
                0x0000000008009038                _etext = .

.vfp11_veneer   0x0000000008009038        0x0
 .vfp11_veneer  0x0000000008009038        0x0 linker stubs

.v4_bx          0x0000000008009038        0x0
 .v4_bx         0x0000000008009038        0x0 linker stubs

.iplt           0x0000000008009038        0x0
 .iplt          0x0000000008009038        0x0 /usr/lib/gcc/arm-none-eabi/10.3.1/thumb/v7e-m+dp/hard/crtbegin.o

.rodata         0x0000000008009038      0x3c0
                0x0000000008009038                . = ALIGN (0x4)
 *(.rodata)
 .rodata        0x0000000008009038        0x3 build/quadspi.o
 *fill*         0x000000000800903b        0x1 
 .rodata        0x000000000800903c        0x4 /usr/lib/gcc/arm-none-eabi/10.3.1/../../../arm-none-eabi/lib/thumb/v7e-m+dp/hard/libc_nano.a(lib_a-impure.o)
                0x000000000800903c                _global_impure_ptr
 .rodata        0x0000000008009040       0x60 /usr/lib/gcc/arm-none-eabi/10.3.1/../../../arm-none-eabi/lib/thumb/v7e-m+dp/hard/libc_nano.a(lib_a-findfp.o)
                0x0000000008009040                __sf_fake_stderr
                0x0000000008009060                __sf_fake_stdout
                0x0000000008009080                __sf_fake_stdin
 *(.rodata*)
 .rodata.LED_ServiceTask.str1.4
                0x00000000080090a0       0x80 build/main.o
 .rodata.StartUartPrintTask.str1.4
                0x0000000008009120       0x16 build/freertos.o
 *fill*         0x0000000008009136        0x2 
 .rodata.str1.4
                0x0000000008009138       0x1c build/freertos.o
 .rodata.defaultTask_attributes
                0x0000000008009154       0x24 build/freertos.o
                0x0000000008009154                defaultTask_attributes
 .rodata.uartPrintTask_attributes
                0x0000000008009178       0x24 build/freertos.o
                0x0000000008009178                uartPrintTask_attributes
 .rodata.HAL_NVIC_SetPriorityGrouping.str1.4
                0x000000000800919c       0x38 build/stm32h7xx_hal_cortex.o
 .rodata.HAL_RCC_OscConfig.str1.4
                0x00000000080091d4       0x35 build/stm32h7xx_hal_rcc.o
 *fill*         0x0000000008009209        0x3 
 .rodata.RCCEx_PLL2_Config.str1.4
                0x000000000800920c       0x38 build/stm32h7xx_hal_rcc_ex.o
 .rodata.HAL_GPIO_Init.str1.4
                0x0000000008009244       0x36 build/stm32h7xx_hal_gpio.o
 *fill*         0x000000000800927a        0x2 
 .rodata.HAL_MDMA_Init.str1.4
                0x000000000800927c       0x36 build/stm32h7xx_hal_mdma.o
 *fill*         0x00000000080092b2        0x2 
 .rodata.HAL_PWREx_ConfigSupply.str1.4
                0x00000000080092b4       0x38 build/stm32h7xx_hal_pwr_ex.o
 .rodata.QSPI_Config.str1.4
                0x00000000080092ec       0x36 build/stm32h7xx_hal_qspi.o
 *fill*         0x0000000008009322        0x2 
 .rodata.TIM_OC1_SetConfig.str1.4
                0x0000000008009324       0x35 build/stm32h7xx_hal_tim.o
 *fill*         0x0000000008009359        0x3 
 .rodata.HAL_TIMEx_HallSensor_Init.str1.4
                0x000000000800935c       0x38 build/stm32h7xx_hal_tim_ex.o
 .rodata.D1CorePrescTable
                0x0000000008009394       0x10 build/system_stm32h7xx.o
                0x0000000008009394                D1CorePrescTable
 .rodata.vTaskStartScheduler.str1.4
                0x00000000080093a4        0x5 build/tasks.o
 *fill*         0x00000000080093a9        0x3 
 .rodata.prvCheckForValidListAndQueue.str1.4
                0x00000000080093ac        0x5 build/timers.o
 *fill*         0x00000000080093b1        0x3 
 .rodata.xTimerCreateTimerTask.str1.4
                0x00000000080093b4        0x8 build/timers.o
 .rodata.str1.4
                0x00000000080093bc       0x13 /usr/lib/gcc/arm-none-eabi/10.3.1/../../../arm-none-eabi/lib/thumb/v7e-m+dp/hard/libc_nano.a(lib_a-nano-vfprintf.o)
 *fill*         0x00000000080093cf        0x1 
 .rodata.str1.4
                0x00000000080093d0       0x25 /usr/lib/gcc/arm-none-eabi/10.3.1/../../../arm-none-eabi/lib/thumb/v7e-m+dp/hard/libc_nano.a(lib_a-nano-vfprintf_i.o)
                0x00000000080093f8                . = ALIGN (0x4)
 *fill*         0x00000000080093f5        0x3 

.ARM.extab      0x00000000080093f8        0x0
                0x00000000080093f8                . = ALIGN (0x4)
 *(.ARM.extab* .gnu.linkonce.armextab.*)
                0x00000000080093f8                . = ALIGN (0x4)

.ARM            0x00000000080093f8        0x0
                0x00000000080093f8                . = ALIGN (0x4)
                0x00000000080093f8                __exidx_start = .
 *(.ARM.exidx*)
                0x00000000080093f8                __exidx_end = .
                0x00000000080093f8                . = ALIGN (0x4)

.preinit_array  0x00000000080093f8        0x0
                0x00000000080093f8                . = ALIGN (0x4)
                0x00000000080093f8                PROVIDE (__preinit_array_start = .)
 *(.preinit_array*)
                0x00000000080093f8                PROVIDE (__preinit_array_end = .)
                0x00000000080093f8                . = ALIGN (0x4)

.init_array     0x00000000080093f8        0x4
                0x00000000080093f8                . = ALIGN (0x4)
                0x00000000080093f8                PROVIDE (__init_array_start = .)
 *(SORT_BY_NAME(.init_array.*))
 *(.init_array*)
 .init_array    0x00000000080093f8        0x4 /usr/lib/gcc/arm-none-eabi/10.3.1/thumb/v7e-m+dp/hard/crtbegin.o
                0x00000000080093fc                PROVIDE (__init_array_end = .)
                0x00000000080093fc                . = ALIGN (0x4)

.fini_array     0x00000000080093fc        0x4
                0x00000000080093fc                . = ALIGN (0x4)
                0x00000000080093fc                PROVIDE (__fini_array_start = .)
 *(SORT_BY_NAME(.fini_array.*))
 *(.fini_array*)
 .fini_array    0x00000000080093fc        0x4 /usr/lib/gcc/arm-none-eabi/10.3.1/thumb/v7e-m+dp/hard/crtbegin.o
                0x0000000008009400                PROVIDE (__fini_array_end = .)
                0x0000000008009400                . = ALIGN (0x4)
                0x0000000008009400                _sidata = LOADADDR (.data)

.rel.dyn        0x0000000008009400        0x0
 .rel.iplt      0x0000000008009400        0x0 /usr/lib/gcc/arm-none-eabi/10.3.1/thumb/v7e-m+dp/hard/crtbegin.o

.data           0x0000000020000000       0x78 load address 0x0000000008009400
                0x0000000020000000                . = ALIGN (0x4)
                0x0000000020000000                _sdata = .
 *(.data)
 .data          0x0000000020000000       0x64 /usr/lib/gcc/arm-none-eabi/10.3.1/../../../arm-none-eabi/lib/thumb/v7e-m+dp/hard/libc_nano.a(lib_a-impure.o)
                0x0000000020000000                _impure_ptr
 *(.data*)
 .data.uwTickFreq
                0x0000000020000064        0x1 build/stm32h7xx_hal.o
                0x0000000020000064                uwTickFreq
 *fill*         0x0000000020000065        0x3 
 .data.uwTickPrio
                0x0000000020000068        0x4 build/stm32h7xx_hal.o
                0x0000000020000068                uwTickPrio
 .data.SystemCoreClock
                0x000000002000006c        0x4 build/system_stm32h7xx.o
                0x000000002000006c                SystemCoreClock
 .data.SystemD2Clock
                0x0000000020000070        0x4 build/system_stm32h7xx.o
                0x0000000020000070                SystemD2Clock
 .data.uxCriticalNesting
                0x0000000020000074        0x4 build/port.o
 *(.RamFunc)
 *(.RamFunc*)
                0x0000000020000078                . = ALIGN (0x4)
                0x0000000020000078                _edata = .

.tm_clone_table
                0x0000000020000078        0x0 load address 0x0000000008009478
 .tm_clone_table
                0x0000000020000078        0x0 /usr/lib/gcc/arm-none-eabi/10.3.1/thumb/v7e-m+dp/hard/crtbegin.o
 .tm_clone_table
                0x0000000020000078        0x0 /usr/lib/gcc/arm-none-eabi/10.3.1/thumb/v7e-m+dp/hard/crtend.o

.igot.plt       0x0000000020000078        0x0 load address 0x0000000008009478
 .igot.plt      0x0000000020000078        0x0 /usr/lib/gcc/arm-none-eabi/10.3.1/thumb/v7e-m+dp/hard/crtbegin.o
                0x0000000020000078                . = ALIGN (0x4)

.bss            0x0000000020000078     0x4ca0 load address 0x0000000008009478
                0x0000000020000078                _sbss = .
                0x0000000020000078                __bss_start__ = _sbss
 *(.bss)
 .bss           0x0000000020000078       0x1c /usr/lib/gcc/arm-none-eabi/10.3.1/thumb/v7e-m+dp/hard/crtbegin.o
 .bss           0x0000000020000094        0x8 /usr/lib/gcc/arm-none-eabi/10.3.1/../../../arm-none-eabi/lib/thumb/v7e-m+dp/hard/libc_nano.a(lib_a-nano-mallocr.o)
                0x0000000020000094                __malloc_free_list
                0x0000000020000098                __malloc_sbrk_start
 .bss           0x000000002000009c        0x4 /usr/lib/gcc/arm-none-eabi/10.3.1/../../../arm-none-eabi/lib/thumb/v7e-m+dp/hard/libc_nano.a(lib_a-reent.o)
                0x000000002000009c                errno
 *(.bss*)
 .bss.g_led_mode
                0x00000000200000a0        0x1 build/main.o
 *fill*         0x00000000200000a1        0x3 
 .bss.swo_last_heartbeat
                0x00000000200000a4        0x4 build/main.o
 .bss.swo_ready
                0x00000000200000a8        0x1 build/main.o
 *fill*         0x00000000200000a9        0x3 
 .bss.defaultTaskHandle
                0x00000000200000ac        0x4 build/freertos.o
                0x00000000200000ac                defaultTaskHandle
 .bss.uartPrintTaskHandle
                0x00000000200000b0        0x4 build/freertos.o
                0x00000000200000b0                uartPrintTaskHandle
 .bss.hmdma_quadspi_fifo_th
                0x00000000200000b4       0x6c build/quadspi.o
                0x00000000200000b4                hmdma_quadspi_fifo_th
 .bss.hqspi     0x0000000020000120       0x4c build/quadspi.o
                0x0000000020000120                hqspi
 .bss.page_rx.0
                0x000000002000016c      0x100 build/quadspi.o
 .bss.page_tx.1
                0x000000002000026c      0x100 build/quadspi.o
 .bss.qspi_first_word
                0x000000002000036c        0x4 build/quadspi.o
 .bss.qspi_last_check_status
                0x0000000020000370        0x1 build/quadspi.o
 .bss.qspi_memory_mapped_entered
                0x0000000020000371        0x1 build/quadspi.o
 .bss.qspi_qe_set
                0x0000000020000372        0x1 build/quadspi.o
 *fill*         0x0000000020000373        0x1 
 .bss.htim2     0x0000000020000374       0x4c build/tim.o
                0x0000000020000374                htim2
 .bss.uwTick    0x00000000200003c0        0x4 build/stm32h7xx_hal.o
                0x00000000200003c0                uwTick
 .bss.xQueueRegistry
                0x00000000200003c4       0x40 build/queue.o
                0x00000000200003c4                xQueueRegistry
 .bss.pxCurrentTCB
                0x0000000020000404        0x4 build/tasks.o
                0x0000000020000404                pxCurrentTCB
 .bss.pxDelayedTaskList
                0x0000000020000408        0x4 build/tasks.o
 .bss.pxOverflowDelayedTaskList
                0x000000002000040c        0x4 build/tasks.o
 .bss.pxReadyTasksLists
                0x0000000020000410      0x460 build/tasks.o
 .bss.uxCurrentNumberOfTasks
                0x0000000020000870        0x4 build/tasks.o
 .bss.uxDeletedTasksWaitingCleanUp
                0x0000000020000874        0x4 build/tasks.o
 .bss.uxSchedulerSuspended
                0x0000000020000878        0x4 build/tasks.o
 .bss.uxTaskNumber
                0x000000002000087c        0x4 build/tasks.o
 .bss.uxTopReadyPriority
                0x0000000020000880        0x4 build/tasks.o
 .bss.xDelayedTaskList1
                0x0000000020000884       0x14 build/tasks.o
 .bss.xDelayedTaskList2
                0x0000000020000898       0x14 build/tasks.o
 .bss.xIdleTaskHandle
                0x00000000200008ac        0x4 build/tasks.o
 .bss.xNextTaskUnblockTime
                0x00000000200008b0        0x4 build/tasks.o
 .bss.xNumOfOverflows
                0x00000000200008b4        0x4 build/tasks.o
 .bss.xPendedTicks
                0x00000000200008b8        0x4 build/tasks.o
 .bss.xPendingReadyList
                0x00000000200008bc       0x14 build/tasks.o
 .bss.xSchedulerRunning
                0x00000000200008d0        0x4 build/tasks.o
 .bss.xSuspendedTaskList
                0x00000000200008d4       0x14 build/tasks.o
 .bss.xTasksWaitingTermination
                0x00000000200008e8       0x14 build/tasks.o
 .bss.xTickCount
                0x00000000200008fc        0x4 build/tasks.o
 .bss.xYieldPending
                0x0000000020000900        0x4 build/tasks.o
 .bss.pxCurrentTimerList
                0x0000000020000904        0x4 build/timers.o
 .bss.pxOverflowTimerList
                0x0000000020000908        0x4 build/timers.o
 .bss.ucStaticTimerQueueStorage.1
                0x000000002000090c       0xa0 build/timers.o
 .bss.xActiveTimerList1
                0x00000000200009ac       0x14 build/timers.o
 .bss.xActiveTimerList2
                0x00000000200009c0       0x14 build/timers.o
 .bss.xLastTime.2
                0x00000000200009d4        0x4 build/timers.o
 .bss.xStaticTimerQueue.0
                0x00000000200009d8       0x50 build/timers.o
 .bss.xTimerQueue
                0x0000000020000a28        0x4 build/timers.o
 .bss.xTimerTaskHandle
                0x0000000020000a2c        0x4 build/timers.o
 .bss.Idle_Stack.2
                0x0000000020000a30      0x200 build/cmsis_os2.o
 .bss.Idle_TCB.3
                0x0000000020000c30       0x5c build/cmsis_os2.o
 .bss.KernelState
                0x0000000020000c8c        0x4 build/cmsis_os2.o
 .bss.Timer_Stack.0
                0x0000000020000c90      0x400 build/cmsis_os2.o
 .bss.Timer_TCB.1
                0x0000000020001090       0x5c build/cmsis_os2.o
 .bss.pxEnd     0x00000000200010ec        0x4 build/heap_4.o
 .bss.ucHeap    0x00000000200010f0     0x3c00 build/heap_4.o
 .bss.xBlockAllocatedBit
                0x0000000020004cf0        0x4 build/heap_4.o
 .bss.xFreeBytesRemaining
                0x0000000020004cf4        0x4 build/heap_4.o
 .bss.xMinimumEverFreeBytesRemaining
                0x0000000020004cf8        0x4 build/heap_4.o
 .bss.xNumberOfSuccessfulAllocations
                0x0000000020004cfc        0x4 build/heap_4.o
 .bss.xNumberOfSuccessfulFrees
                0x0000000020004d00        0x4 build/heap_4.o
 .bss.xStart    0x0000000020004d04        0x8 build/heap_4.o
 .bss.ucMaxSysCallPriority
                0x0000000020004d0c        0x1 build/port.o
 *fill*         0x0000000020004d0d        0x3 
 .bss.ulMaxPRIGROUPValue
                0x0000000020004d10        0x4 build/port.o
 .bss.__sbrk_heap_end
                0x0000000020004d14        0x4 build/sysmem.o
 *(COMMON)
                0x0000000020004d18                . = ALIGN (0x4)
                0x0000000020004d18                _ebss = .
                0x0000000020004d18                __bss_end__ = _ebss

._user_heap_stack
                0x0000000020004d18      0x600 load address 0x0000000008009478
                0x0000000020004d18                . = ALIGN (0x8)
                [!provide]                        PROVIDE (end = .)
                0x0000000020004d18                PROVIDE (_end = .)
                0x0000000020004f18                . = (. + _Min_Heap_Size)
 *fill*         0x0000000020004d18      0x200 
                0x0000000020005318                . = (. + _Min_Stack_Size)
 *fill*         0x0000000020004f18      0x400 
                0x0000000020005318                . = ALIGN (0x8)

/DISCARD/
 libc.a(*)
 libm.a(*)
 libgcc.a(*)
OUTPUT(build/h753duc.elf elf32-littlearm)
LOAD linker stubs
LOAD /usr/lib/gcc/arm-none-eabi/10.3.1/../../../arm-none-eabi/lib/thumb/v7e-m+dp/hard/libc.a
LOAD /usr/lib/gcc/arm-none-eabi/10.3.1/../../../arm-none-eabi/lib/thumb/v7e-m+dp/hard/libm.a
LOAD /usr/lib/gcc/arm-none-eabi/10.3.1/thumb/v7e-m+dp/hard/libgcc.a

.ARM.attributes
                0x0000000000000000       0x2e
 .ARM.attributes
                0x0000000000000000       0x1e /usr/lib/gcc/arm-none-eabi/10.3.1/thumb/v7e-m+dp/hard/crti.o
 .ARM.attributes
                0x000000000000001e       0x32 /usr/lib/gcc/arm-none-eabi/10.3.1/thumb/v7e-m+dp/hard/crtbegin.o
 .ARM.attributes
                0x0000000000000050       0x32 build/main.o
 .ARM.attributes
                0x0000000000000082       0x32 build/gpio.o
 .ARM.attributes
                0x00000000000000b4       0x32 build/freertos.o
 .ARM.attributes
                0x00000000000000e6       0x32 build/mdma.o
 .ARM.attributes
                0x0000000000000118       0x32 build/quadspi.o
 .ARM.attributes
                0x000000000000014a       0x32 build/tim.o
 .ARM.attributes
                0x000000000000017c       0x32 build/stm32h7xx_it.o
 .ARM.attributes
                0x00000000000001ae       0x32 build/stm32h7xx_hal_msp.o
 .ARM.attributes
                0x00000000000001e0       0x32 build/swo.o
 .ARM.attributes
                0x0000000000000212       0x32 build/stm32h7xx_hal_cortex.o
 .ARM.attributes
                0x0000000000000244       0x32 build/stm32h7xx_hal_rcc.o
 .ARM.attributes
                0x0000000000000276       0x32 build/stm32h7xx_hal_rcc_ex.o
 .ARM.attributes
                0x00000000000002a8       0x32 build/stm32h7xx_hal_gpio.o
 .ARM.attributes
                0x00000000000002da       0x32 build/stm32h7xx_hal_mdma.o
 .ARM.attributes
                0x000000000000030c       0x32 build/stm32h7xx_hal_pwr_ex.o
 .ARM.attributes
                0x000000000000033e       0x32 build/stm32h7xx_hal.o
 .ARM.attributes
                0x0000000000000370       0x32 build/stm32h7xx_hal_qspi.o
 .ARM.attributes
                0x00000000000003a2       0x32 build/stm32h7xx_hal_tim.o
 .ARM.attributes
                0x00000000000003d4       0x32 build/stm32h7xx_hal_tim_ex.o
 .ARM.attributes
                0x0000000000000406       0x32 build/system_stm32h7xx.o
 .ARM.attributes
                0x0000000000000438       0x32 build/list.o
 .ARM.attributes
                0x000000000000046a       0x32 build/queue.o
 .ARM.attributes
                0x000000000000049c       0x32 build/tasks.o
 .ARM.attributes
                0x00000000000004ce       0x32 build/timers.o
 .ARM.attributes
                0x0000000000000500       0x32 build/cmsis_os2.o
 .ARM.attributes
                0x0000000000000532       0x32 build/heap_4.o
 .ARM.attributes
                0x0000000000000564       0x32 build/port.o
 .ARM.attributes
                0x0000000000000596       0x32 build/sysmem.o
 .ARM.attributes
                0x00000000000005c8       0x32 build/syscalls.o
 .ARM.attributes
                0x00000000000005fa       0x21 build/startup_stm32h753xx.o
 .ARM.attributes
                0x000000000000061b       0x32 /usr/lib/gcc/arm-none-eabi/10.3.1/../../../arm-none-eabi/lib/thumb/v7e-m+dp/hard/libc_nano.a(lib_a-errno.o)
 .ARM.attributes
                0x000000000000064d       0x30 /usr/lib/gcc/arm-none-eabi/10.3.1/../../../arm-none-eabi/lib/thumb/v7e-m+dp/hard/libc_nano.a(lib_a-impure.o)
 .ARM.attributes
                0x000000000000067d       0x32 /usr/lib/gcc/arm-none-eabi/10.3.1/../../../arm-none-eabi/lib/thumb/v7e-m+dp/hard/libc_nano.a(lib_a-init.o)
 .ARM.attributes
                0x00000000000006af       0x1c /usr/lib/gcc/arm-none-eabi/10.3.1/../../../arm-none-eabi/lib/thumb/v7e-m+dp/hard/libc_nano.a(lib_a-memcpy.o)
 .ARM.attributes
                0x00000000000006cb       0x32 /usr/lib/gcc/arm-none-eabi/10.3.1/../../../arm-none-eabi/lib/thumb/v7e-m+dp/hard/libc_nano.a(lib_a-memset.o)
 .ARM.attributes
                0x00000000000006fd       0x32 /usr/lib/gcc/arm-none-eabi/10.3.1/../../../arm-none-eabi/lib/thumb/v7e-m+dp/hard/libc_nano.a(lib_a-printf.o)
 .ARM.attributes
                0x000000000000072f       0x32 /usr/lib/gcc/arm-none-eabi/10.3.1/../../../arm-none-eabi/lib/thumb/v7e-m+dp/hard/libc_nano.a(lib_a-puts.o)
 .ARM.attributes
                0x0000000000000761       0x32 /usr/lib/gcc/arm-none-eabi/10.3.1/../../../arm-none-eabi/lib/thumb/v7e-m+dp/hard/libc_nano.a(lib_a-wbuf.o)
 .ARM.attributes
                0x0000000000000793       0x32 /usr/lib/gcc/arm-none-eabi/10.3.1/../../../arm-none-eabi/lib/thumb/v7e-m+dp/hard/libc_nano.a(lib_a-wsetup.o)
 .ARM.attributes
                0x00000000000007c5       0x32 /usr/lib/gcc/arm-none-eabi/10.3.1/../../../arm-none-eabi/lib/thumb/v7e-m+dp/hard/libc_nano.a(lib_a-fflush.o)
 .ARM.attributes
                0x00000000000007f7       0x32 /usr/lib/gcc/arm-none-eabi/10.3.1/../../../arm-none-eabi/lib/thumb/v7e-m+dp/hard/libc_nano.a(lib_a-findfp.o)
 .ARM.attributes
                0x0000000000000829       0x32 /usr/lib/gcc/arm-none-eabi/10.3.1/../../../arm-none-eabi/lib/thumb/v7e-m+dp/hard/libc_nano.a(lib_a-fwalk.o)
 .ARM.attributes
                0x000000000000085b       0x32 /usr/lib/gcc/arm-none-eabi/10.3.1/../../../arm-none-eabi/lib/thumb/v7e-m+dp/hard/libc_nano.a(lib_a-makebuf.o)
 .ARM.attributes
                0x000000000000088d       0x32 /usr/lib/gcc/arm-none-eabi/10.3.1/../../../arm-none-eabi/lib/thumb/v7e-m+dp/hard/libc_nano.a(lib_a-nano-freer.o)
 .ARM.attributes
                0x00000000000008bf       0x32 /usr/lib/gcc/arm-none-eabi/10.3.1/../../../arm-none-eabi/lib/thumb/v7e-m+dp/hard/libc_nano.a(lib_a-nano-mallocr.o)
 .ARM.attributes
                0x00000000000008f1       0x32 /usr/lib/gcc/arm-none-eabi/10.3.1/../../../arm-none-eabi/lib/thumb/v7e-m+dp/hard/libc_nano.a(lib_a-nano-vfprintf.o)
 .ARM.attributes
                0x0000000000000923       0x32 /usr/lib/gcc/arm-none-eabi/10.3.1/../../../arm-none-eabi/lib/thumb/v7e-m+dp/hard/libc_nano.a(lib_a-nano-vfprintf_i.o)
 .ARM.attributes
                0x0000000000000955       0x32 /usr/lib/gcc/arm-none-eabi/10.3.1/../../../arm-none-eabi/lib/thumb/v7e-m+dp/hard/libc_nano.a(lib_a-sbrkr.o)
 .ARM.attributes
                0x0000000000000987       0x32 /usr/lib/gcc/arm-none-eabi/10.3.1/../../../arm-none-eabi/lib/thumb/v7e-m+dp/hard/libc_nano.a(lib_a-stdio.o)
 .ARM.attributes
                0x00000000000009b9       0x32 /usr/lib/gcc/arm-none-eabi/10.3.1/../../../arm-none-eabi/lib/thumb/v7e-m+dp/hard/libc_nano.a(lib_a-writer.o)
 .ARM.attributes
                0x00000000000009eb       0x32 /usr/lib/gcc/arm-none-eabi/10.3.1/../../../arm-none-eabi/lib/thumb/v7e-m+dp/hard/libc_nano.a(lib_a-closer.o)
 .ARM.attributes
                0x0000000000000a1d       0x32 /usr/lib/gcc/arm-none-eabi/10.3.1/../../../arm-none-eabi/lib/thumb/v7e-m+dp/hard/libc_nano.a(lib_a-fstatr.o)
 .ARM.attributes
                0x0000000000000a4f       0x32 /usr/lib/gcc/arm-none-eabi/10.3.1/../../../arm-none-eabi/lib/thumb/v7e-m+dp/hard/libc_nano.a(lib_a-fvwrite.o)
 .ARM.attributes
                0x0000000000000a81       0x32 /usr/lib/gcc/arm-none-eabi/10.3.1/../../../arm-none-eabi/lib/thumb/v7e-m+dp/hard/libc_nano.a(lib_a-isattyr.o)
 .ARM.attributes
                0x0000000000000ab3       0x32 /usr/lib/gcc/arm-none-eabi/10.3.1/../../../arm-none-eabi/lib/thumb/v7e-m+dp/hard/libc_nano.a(lib_a-lseekr.o)
 .ARM.attributes
                0x0000000000000ae5       0x1c /usr/lib/gcc/arm-none-eabi/10.3.1/../../../arm-none-eabi/lib/thumb/v7e-m+dp/hard/libc_nano.a(lib_a-memchr.o)
 .ARM.attributes
                0x0000000000000b01       0x32 /usr/lib/gcc/arm-none-eabi/10.3.1/../../../arm-none-eabi/lib/thumb/v7e-m+dp/hard/libc_nano.a(lib_a-memmove.o)
 .ARM.attributes
                0x0000000000000b33       0x32 /usr/lib/gcc/arm-none-eabi/10.3.1/../../../arm-none-eabi/lib/thumb/v7e-m+dp/hard/libc_nano.a(lib_a-mlock.o)
 .ARM.attributes
                0x0000000000000b65       0x32 /usr/lib/gcc/arm-none-eabi/10.3.1/../../../arm-none-eabi/lib/thumb/v7e-m+dp/hard/libc_nano.a(lib_a-nano-reallocr.o)
 .ARM.attributes
                0x0000000000000b97       0x32 /usr/lib/gcc/arm-none-eabi/10.3.1/../../../arm-none-eabi/lib/thumb/v7e-m+dp/hard/libc_nano.a(lib_a-readr.o)
 .ARM.attributes
                0x0000000000000bc9       0x32 /usr/lib/gcc/arm-none-eabi/10.3.1/../../../arm-none-eabi/lib/thumb/v7e-m+dp/hard/libc_nano.a(lib_a-reent.o)
 .ARM.attributes
                0x0000000000000bfb       0x32 /usr/lib/gcc/arm-none-eabi/10.3.1/../../../arm-none-eabi/lib/thumb/v7e-m+dp/hard/libc_nano.a(lib_a-nano-msizer.o)
 .ARM.attributes
                0x0000000000000c2d       0x30 /usr/lib/gcc/arm-none-eabi/10.3.1/thumb/v7e-m+dp/hard/crtend.o
 .ARM.attributes
                0x0000000000000c5d       0x1e /usr/lib/gcc/arm-none-eabi/10.3.1/thumb/v7e-m+dp/hard/crtn.o

.comment        0x0000000000000000       0x33
 .comment       0x0000000000000000       0x33 /usr/lib/gcc/arm-none-eabi/10.3.1/thumb/v7e-m+dp/hard/crtbegin.o
                                         0x34 (size before relaxing)
 .comment       0x0000000000000033       0x34 build/main.o
 .comment       0x0000000000000033       0x34 build/gpio.o
 .comment       0x0000000000000033       0x34 build/freertos.o
 .comment       0x0000000000000033       0x34 build/mdma.o
 .comment       0x0000000000000033       0x34 build/quadspi.o
 .comment       0x0000000000000033       0x34 build/tim.o
 .comment       0x0000000000000033       0x34 build/stm32h7xx_it.o
 .comment       0x0000000000000033       0x34 build/stm32h7xx_hal_msp.o
 .comment       0x0000000000000033       0x34 build/swo.o
 .comment       0x0000000000000033       0x34 build/stm32h7xx_hal_cortex.o
 .comment       0x0000000000000033       0x34 build/stm32h7xx_hal_rcc.o
 .comment       0x0000000000000033       0x34 build/stm32h7xx_hal_rcc_ex.o
 .comment       0x0000000000000033       0x34 build/stm32h7xx_hal_gpio.o
 .comment       0x0000000000000033       0x34 build/stm32h7xx_hal_mdma.o
 .comment       0x0000000000000033       0x34 build/stm32h7xx_hal_pwr_ex.o
 .comment       0x0000000000000033       0x34 build/stm32h7xx_hal.o
 .comment       0x0000000000000033       0x34 build/stm32h7xx_hal_qspi.o
 .comment       0x0000000000000033       0x34 build/stm32h7xx_hal_tim.o
 .comment       0x0000000000000033       0x34 build/stm32h7xx_hal_tim_ex.o
 .comment       0x0000000000000033       0x34 build/system_stm32h7xx.o
 .comment       0x0000000000000033       0x34 build/list.o
 .comment       0x0000000000000033       0x34 build/queue.o
 .comment       0x0000000000000033       0x34 build/tasks.o
 .comment       0x0000000000000033       0x34 build/timers.o
 .comment       0x0000000000000033       0x34 build/cmsis_os2.o
 .comment       0x0000000000000033       0x34 build/heap_4.o
 .comment       0x0000000000000033       0x34 build/port.o
 .comment       0x0000000000000033       0x34 build/sysmem.o
 .comment       0x0000000000000033       0x34 build/syscalls.o
 .comment       0x0000000000000033       0x34 /usr/lib/gcc/arm-none-eabi/10.3.1/../../../arm-none-eabi/lib/thumb/v7e-m+dp/hard/libc_nano.a(lib_a-errno.o)
 .comment       0x0000000000000033       0x34 /usr/lib/gcc/arm-none-eabi/10.3.1/../../../arm-none-eabi/lib/thumb/v7e-m+dp/hard/libc_nano.a(lib_a-impure.o)
 .comment       0x0000000000000033       0x34 /usr/lib/gcc/arm-none-eabi/10.3.1/../../../arm-none-eabi/lib/thumb/v7e-m+dp/hard/libc_nano.a(lib_a-init.o)
 .comment       0x0000000000000033       0x34 /usr/lib/gcc/arm-none-eabi/10.3.1/../../../arm-none-eabi/lib/thumb/v7e-m+dp/hard/libc_nano.a(lib_a-memset.o)
 .comment       0x0000000000000033       0x34 /usr/lib/gcc/arm-none-eabi/10.3.1/../../../arm-none-eabi/lib/thumb/v7e-m+dp/hard/libc_nano.a(lib_a-printf.o)
 .comment       0x0000000000000033       0x34 /usr/lib/gcc/arm-none-eabi/10.3.1/../../../arm-none-eabi/lib/thumb/v7e-m+dp/hard/libc_nano.a(lib_a-puts.o)
 .comment       0x0000000000000033       0x34 /usr/lib/gcc/arm-none-eabi/10.3.1/../../../arm-none-eabi/lib/thumb/v7e-m+dp/hard/libc_nano.a(lib_a-wbuf.o)
 .comment       0x0000000000000033       0x34 /usr/lib/gcc/arm-none-eabi/10.3.1/../../../arm-none-eabi/lib/thumb/v7e-m+dp/hard/libc_nano.a(lib_a-wsetup.o)
 .comment       0x0000000000000033       0x34 /usr/lib/gcc/arm-none-eabi/10.3.1/../../../arm-none-eabi/lib/thumb/v7e-m+dp/hard/libc_nano.a(lib_a-fflush.o)
 .comment       0x0000000000000033       0x34 /usr/lib/gcc/arm-none-eabi/10.3.1/../../../arm-none-eabi/lib/thumb/v7e-m+dp/hard/libc_nano.a(lib_a-findfp.o)
 .comment       0x0000000000000033       0x34 /usr/lib/gcc/arm-none-eabi/10.3.1/../../../arm-none-eabi/lib/thumb/v7e-m+dp/hard/libc_nano.a(lib_a-fwalk.o)
 .comment       0x0000000000000033       0x34 /usr/lib/gcc/arm-none-eabi/10.3.1/../../../arm-none-eabi/lib/thumb/v7e-m+dp/hard/libc_nano.a(lib_a-makebuf.o)
 .comment       0x0000000000000033       0x34 /usr/lib/gcc/arm-none-eabi/10.3.1/../../../arm-none-eabi/lib/thumb/v7e-m+dp/hard/libc_nano.a(lib_a-nano-freer.o)
 .comment       0x0000000000000033       0x34 /usr/lib/gcc/arm-none-eabi/10.3.1/../../../arm-none-eabi/lib/thumb/v7e-m+dp/hard/libc_nano.a(lib_a-nano-mallocr.o)
 .comment       0x0000000000000033       0x34 /usr/lib/gcc/arm-none-eabi/10.3.1/../../../arm-none-eabi/lib/thumb/v7e-m+dp/hard/libc_nano.a(lib_a-nano-vfprintf.o)
 .comment       0x0000000000000033       0x34 /usr/lib/gcc/arm-none-eabi/10.3.1/../../../arm-none-eabi/lib/thumb/v7e-m+dp/hard/libc_nano.a(lib_a-nano-vfprintf_i.o)
 .comment       0x0000000000000033       0x34 /usr/lib/gcc/arm-none-eabi/10.3.1/../../../arm-none-eabi/lib/thumb/v7e-m+dp/hard/libc_nano.a(lib_a-sbrkr.o)
 .comment       0x0000000000000033       0x34 /usr/lib/gcc/arm-none-eabi/10.3.1/../../../arm-none-eabi/lib/thumb/v7e-m+dp/hard/libc_nano.a(lib_a-stdio.o)
 .comment       0x0000000000000033       0x34 /usr/lib/gcc/arm-none-eabi/10.3.1/../../../arm-none-eabi/lib/thumb/v7e-m+dp/hard/libc_nano.a(lib_a-writer.o)
 .comment       0x0000000000000033       0x34 /usr/lib/gcc/arm-none-eabi/10.3.1/../../../arm-none-eabi/lib/thumb/v7e-m+dp/hard/libc_nano.a(lib_a-closer.o)
 .comment       0x0000000000000033       0x34 /usr/lib/gcc/arm-none-eabi/10.3.1/../../../arm-none-eabi/lib/thumb/v7e-m+dp/hard/libc_nano.a(lib_a-fstatr.o)
 .comment       0x0000000000000033       0x34 /usr/lib/gcc/arm-none-eabi/10.3.1/../../../arm-none-eabi/lib/thumb/v7e-m+dp/hard/libc_nano.a(lib_a-fvwrite.o)
 .comment       0x0000000000000033       0x34 /usr/lib/gcc/arm-none-eabi/10.3.1/../../../arm-none-eabi/lib/thumb/v7e-m+dp/hard/libc_nano.a(lib_a-isattyr.o)
 .comment       0x0000000000000033       0x34 /usr/lib/gcc/arm-none-eabi/10.3.1/../../../arm-none-eabi/lib/thumb/v7e-m+dp/hard/libc_nano.a(lib_a-lseekr.o)
 .comment       0x0000000000000033       0x34 /usr/lib/gcc/arm-none-eabi/10.3.1/../../../arm-none-eabi/lib/thumb/v7e-m+dp/hard/libc_nano.a(lib_a-memmove.o)
 .comment       0x0000000000000033       0x34 /usr/lib/gcc/arm-none-eabi/10.3.1/../../../arm-none-eabi/lib/thumb/v7e-m+dp/hard/libc_nano.a(lib_a-mlock.o)
 .comment       0x0000000000000033       0x34 /usr/lib/gcc/arm-none-eabi/10.3.1/../../../arm-none-eabi/lib/thumb/v7e-m+dp/hard/libc_nano.a(lib_a-nano-reallocr.o)
 .comment       0x0000000000000033       0x34 /usr/lib/gcc/arm-none-eabi/10.3.1/../../../arm-none-eabi/lib/thumb/v7e-m+dp/hard/libc_nano.a(lib_a-readr.o)
 .comment       0x0000000000000033       0x34 /usr/lib/gcc/arm-none-eabi/10.3.1/../../../arm-none-eabi/lib/thumb/v7e-m+dp/hard/libc_nano.a(lib_a-reent.o)
 .comment       0x0000000000000033       0x34 /usr/lib/gcc/arm-none-eabi/10.3.1/../../../arm-none-eabi/lib/thumb/v7e-m+dp/hard/libc_nano.a(lib_a-nano-msizer.o)
 .comment       0x0000000000000033       0x34 /usr/lib/gcc/arm-none-eabi/10.3.1/thumb/v7e-m+dp/hard/crtend.o

.debug_info     0x0000000000000000    0x3d427
 .debug_info    0x0000000000000000     0x16ca build/main.o
 .debug_info    0x00000000000016ca      0xaf0 build/gpio.o
 .debug_info    0x00000000000021ba      0x443 build/freertos.o
 .debug_info    0x00000000000025fd      0x918 build/mdma.o
 .debug_info    0x0000000000002f15     0x288b build/quadspi.o
 .debug_info    0x00000000000057a0      0xeac build/tim.o
 .debug_info    0x000000000000664c      0x5f0 build/stm32h7xx_it.o
 .debug_info    0x0000000000006c3c      0x8f5 build/stm32h7xx_hal_msp.o
 .debug_info    0x0000000000007531      0x980 build/swo.o
 .debug_info    0x0000000000007eb1     0x1829 build/stm32h7xx_hal_cortex.o
 .debug_info    0x00000000000096da     0x1842 build/stm32h7xx_hal_rcc.o
 .debug_info    0x000000000000af1c     0x212f build/stm32h7xx_hal_rcc_ex.o
 .debug_info    0x000000000000d04b     0x10d4 build/stm32h7xx_hal_gpio.o
 .debug_info    0x000000000000e11f     0x1407 build/stm32h7xx_hal_mdma.o
 .debug_info    0x000000000000f526     0x1606 build/stm32h7xx_hal_pwr_ex.o
 .debug_info    0x0000000000010b2c     0x1b48 build/stm32h7xx_hal.o
 .debug_info    0x0000000000012674     0x23c2 build/stm32h7xx_hal_qspi.o
 .debug_info    0x0000000000014a36     0x5a9b build/stm32h7xx_hal_tim.o
 .debug_info    0x000000000001a4d1     0x27e6 build/stm32h7xx_hal_tim_ex.o
 .debug_info    0x000000000001ccb7      0xf7c build/system_stm32h7xx.o
 .debug_info    0x000000000001dc33      0x303 build/list.o
 .debug_info    0x000000000001df36     0x2941 build/queue.o
 .debug_info    0x0000000000020877     0x36e2 build/tasks.o
 .debug_info    0x0000000000023f59     0x1bcb build/timers.o
 .debug_info    0x0000000000025b24     0x5168 build/cmsis_os2.o
 .debug_info    0x000000000002ac8c      0x602 build/heap_4.o
 .debug_info    0x000000000002b28e      0x5b0 build/port.o
 .debug_info    0x000000000002b83e      0x16d build/sysmem.o
 .debug_info    0x000000000002b9ab      0x835 build/syscalls.o
 .debug_info    0x000000000002c1e0       0x22 build/startup_stm32h753xx.o
 .debug_info    0x000000000002c202      0x7ae /usr/lib/gcc/arm-none-eabi/10.3.1/../../../arm-none-eabi/lib/thumb/v7e-m+dp/hard/libc_nano.a(lib_a-errno.o)
 .debug_info    0x000000000002c9b0      0x863 /usr/lib/gcc/arm-none-eabi/10.3.1/../../../arm-none-eabi/lib/thumb/v7e-m+dp/hard/libc_nano.a(lib_a-impure.o)
 .debug_info    0x000000000002d213      0x11a /usr/lib/gcc/arm-none-eabi/10.3.1/../../../arm-none-eabi/lib/thumb/v7e-m+dp/hard/libc_nano.a(lib_a-init.o)
 .debug_info    0x000000000002d32d       0x26 /usr/lib/gcc/arm-none-eabi/10.3.1/../../../arm-none-eabi/lib/thumb/v7e-m+dp/hard/libc_nano.a(lib_a-memcpy.o)
 .debug_info    0x000000000002d353      0x137 /usr/lib/gcc/arm-none-eabi/10.3.1/../../../arm-none-eabi/lib/thumb/v7e-m+dp/hard/libc_nano.a(lib_a-memset.o)
 .debug_info    0x000000000002d48a      0x8fd /usr/lib/gcc/arm-none-eabi/10.3.1/../../../arm-none-eabi/lib/thumb/v7e-m+dp/hard/libc_nano.a(lib_a-printf.o)
 .debug_info    0x000000000002dd87      0xa41 /usr/lib/gcc/arm-none-eabi/10.3.1/../../../arm-none-eabi/lib/thumb/v7e-m+dp/hard/libc_nano.a(lib_a-puts.o)
 .debug_info    0x000000000002e7c8      0x998 /usr/lib/gcc/arm-none-eabi/10.3.1/../../../arm-none-eabi/lib/thumb/v7e-m+dp/hard/libc_nano.a(lib_a-wbuf.o)
 .debug_info    0x000000000002f160      0x902 /usr/lib/gcc/arm-none-eabi/10.3.1/../../../arm-none-eabi/lib/thumb/v7e-m+dp/hard/libc_nano.a(lib_a-wsetup.o)
 .debug_info    0x000000000002fa62      0xb0d /usr/lib/gcc/arm-none-eabi/10.3.1/../../../arm-none-eabi/lib/thumb/v7e-m+dp/hard/libc_nano.a(lib_a-fflush.o)
 .debug_info    0x000000000003056f      0xfae /usr/lib/gcc/arm-none-eabi/10.3.1/../../../arm-none-eabi/lib/thumb/v7e-m+dp/hard/libc_nano.a(lib_a-findfp.o)
 .debug_info    0x000000000003151d      0x900 /usr/lib/gcc/arm-none-eabi/10.3.1/../../../arm-none-eabi/lib/thumb/v7e-m+dp/hard/libc_nano.a(lib_a-fwalk.o)
 .debug_info    0x0000000000031e1d      0xc8a /usr/lib/gcc/arm-none-eabi/10.3.1/../../../arm-none-eabi/lib/thumb/v7e-m+dp/hard/libc_nano.a(lib_a-makebuf.o)
 .debug_info    0x0000000000032aa7      0x903 /usr/lib/gcc/arm-none-eabi/10.3.1/../../../arm-none-eabi/lib/thumb/v7e-m+dp/hard/libc_nano.a(lib_a-nano-freer.o)
 .debug_info    0x00000000000333aa      0xa0c /usr/lib/gcc/arm-none-eabi/10.3.1/../../../arm-none-eabi/lib/thumb/v7e-m+dp/hard/libc_nano.a(lib_a-nano-mallocr.o)
 .debug_info    0x0000000000033db6     0x115f /usr/lib/gcc/arm-none-eabi/10.3.1/../../../arm-none-eabi/lib/thumb/v7e-m+dp/hard/libc_nano.a(lib_a-nano-vfprintf.o)
 .debug_info    0x0000000000034f15      0xe9e /usr/lib/gcc/arm-none-eabi/10.3.1/../../../arm-none-eabi/lib/thumb/v7e-m+dp/hard/libc_nano.a(lib_a-nano-vfprintf_i.o)
 .debug_info    0x0000000000035db3      0x828 /usr/lib/gcc/arm-none-eabi/10.3.1/../../../arm-none-eabi/lib/thumb/v7e-m+dp/hard/libc_nano.a(lib_a-sbrkr.o)
 .debug_info    0x00000000000365db      0xabc /usr/lib/gcc/arm-none-eabi/10.3.1/../../../arm-none-eabi/lib/thumb/v7e-m+dp/hard/libc_nano.a(lib_a-stdio.o)
 .debug_info    0x0000000000037097      0x85a /usr/lib/gcc/arm-none-eabi/10.3.1/../../../arm-none-eabi/lib/thumb/v7e-m+dp/hard/libc_nano.a(lib_a-writer.o)
 .debug_info    0x00000000000378f1      0x805 /usr/lib/gcc/arm-none-eabi/10.3.1/../../../arm-none-eabi/lib/thumb/v7e-m+dp/hard/libc_nano.a(lib_a-closer.o)
 .debug_info    0x00000000000380f6      0xa1d /usr/lib/gcc/arm-none-eabi/10.3.1/../../../arm-none-eabi/lib/thumb/v7e-m+dp/hard/libc_nano.a(lib_a-fstatr.o)
 .debug_info    0x0000000000038b13      0xb5e /usr/lib/gcc/arm-none-eabi/10.3.1/../../../arm-none-eabi/lib/thumb/v7e-m+dp/hard/libc_nano.a(lib_a-fvwrite.o)
 .debug_info    0x0000000000039671      0x805 /usr/lib/gcc/arm-none-eabi/10.3.1/../../../arm-none-eabi/lib/thumb/v7e-m+dp/hard/libc_nano.a(lib_a-isattyr.o)
 .debug_info    0x0000000000039e76      0x83b /usr/lib/gcc/arm-none-eabi/10.3.1/../../../arm-none-eabi/lib/thumb/v7e-m+dp/hard/libc_nano.a(lib_a-lseekr.o)
 .debug_info    0x000000000003a6b1       0x26 /usr/lib/gcc/arm-none-eabi/10.3.1/../../../arm-none-eabi/lib/thumb/v7e-m+dp/hard/libc_nano.a(lib_a-memchr.o)
 .debug_info    0x000000000003a6d7      0x152 /usr/lib/gcc/arm-none-eabi/10.3.1/../../../arm-none-eabi/lib/thumb/v7e-m+dp/hard/libc_nano.a(lib_a-memmove.o)
 .debug_info    0x000000000003a829      0x7dc /usr/lib/gcc/arm-none-eabi/10.3.1/../../../arm-none-eabi/lib/thumb/v7e-m+dp/hard/libc_nano.a(lib_a-mlock.o)
 .debug_info    0x000000000003b005      0x911 /usr/lib/gcc/arm-none-eabi/10.3.1/../../../arm-none-eabi/lib/thumb/v7e-m+dp/hard/libc_nano.a(lib_a-nano-reallocr.o)
 .debug_info    0x000000000003b916      0x853 /usr/lib/gcc/arm-none-eabi/10.3.1/../../../arm-none-eabi/lib/thumb/v7e-m+dp/hard/libc_nano.a(lib_a-readr.o)
 .debug_info    0x000000000003c169      0xa7e /usr/lib/gcc/arm-none-eabi/10.3.1/../../../arm-none-eabi/lib/thumb/v7e-m+dp/hard/libc_nano.a(lib_a-reent.o)
 .debug_info    0x000000000003cbe7      0x840 /usr/lib/gcc/arm-none-eabi/10.3.1/../../../arm-none-eabi/lib/thumb/v7e-m+dp/hard/libc_nano.a(lib_a-nano-msizer.o)

.debug_abbrev   0x0000000000000000     0x80e7
 .debug_abbrev  0x0000000000000000      0x3d5 build/main.o
 .debug_abbrev  0x00000000000003d5      0x1d4 build/gpio.o
 .debug_abbrev  0x00000000000005a9      0x14c build/freertos.o
 .debug_abbrev  0x00000000000006f5      0x129 build/mdma.o
 .debug_abbrev  0x000000000000081e      0x3b0 build/quadspi.o
 .debug_abbrev  0x0000000000000bce      0x1f4 build/tim.o
 .debug_abbrev  0x0000000000000dc2      0x16b build/stm32h7xx_it.o
 .debug_abbrev  0x0000000000000f2d      0x11c build/stm32h7xx_hal_msp.o
 .debug_abbrev  0x0000000000001049      0x226 build/swo.o
 .debug_abbrev  0x000000000000126f      0x3d1 build/stm32h7xx_hal_cortex.o
 .debug_abbrev  0x0000000000001640      0x27d build/stm32h7xx_hal_rcc.o
 .debug_abbrev  0x00000000000018bd      0x286 build/stm32h7xx_hal_rcc_ex.o
 .debug_abbrev  0x0000000000001b43      0x279 build/stm32h7xx_hal_gpio.o
 .debug_abbrev  0x0000000000001dbc      0x27c build/stm32h7xx_hal_mdma.o
 .debug_abbrev  0x0000000000002038      0x299 build/stm32h7xx_hal_pwr_ex.o
 .debug_abbrev  0x00000000000022d1      0x234 build/stm32h7xx_hal.o
 .debug_abbrev  0x0000000000002505      0x264 build/stm32h7xx_hal_qspi.o
 .debug_abbrev  0x0000000000002769      0x289 build/stm32h7xx_hal_tim.o
 .debug_abbrev  0x00000000000029f2      0x29f build/stm32h7xx_hal_tim_ex.o
 .debug_abbrev  0x0000000000002c91      0x144 build/system_stm32h7xx.o
 .debug_abbrev  0x0000000000002dd5      0x124 build/list.o
 .debug_abbrev  0x0000000000002ef9      0x3c4 build/queue.o
 .debug_abbrev  0x00000000000032bd      0x387 build/tasks.o
 .debug_abbrev  0x0000000000003644      0x366 build/timers.o
 .debug_abbrev  0x00000000000039aa      0x53d build/cmsis_os2.o
 .debug_abbrev  0x0000000000003ee7      0x269 build/heap_4.o
 .debug_abbrev  0x0000000000004150      0x28a build/port.o
 .debug_abbrev  0x00000000000043da       0xea build/sysmem.o
 .debug_abbrev  0x00000000000044c4      0x1c4 build/syscalls.o
 .debug_abbrev  0x0000000000004688       0x12 build/startup_stm32h753xx.o
 .debug_abbrev  0x000000000000469a      0x157 /usr/lib/gcc/arm-none-eabi/10.3.1/../../../arm-none-eabi/lib/thumb/v7e-m+dp/hard/libc_nano.a(lib_a-errno.o)
 .debug_abbrev  0x00000000000047f1      0x151 /usr/lib/gcc/arm-none-eabi/10.3.1/../../../arm-none-eabi/lib/thumb/v7e-m+dp/hard/libc_nano.a(lib_a-impure.o)
 .debug_abbrev  0x0000000000004942       0xcc /usr/lib/gcc/arm-none-eabi/10.3.1/../../../arm-none-eabi/lib/thumb/v7e-m+dp/hard/libc_nano.a(lib_a-init.o)
 .debug_abbrev  0x0000000000004a0e       0x14 /usr/lib/gcc/arm-none-eabi/10.3.1/../../../arm-none-eabi/lib/thumb/v7e-m+dp/hard/libc_nano.a(lib_a-memcpy.o)
 .debug_abbrev  0x0000000000004a22       0xb4 /usr/lib/gcc/arm-none-eabi/10.3.1/../../../arm-none-eabi/lib/thumb/v7e-m+dp/hard/libc_nano.a(lib_a-memset.o)
 .debug_abbrev  0x0000000000004ad6      0x23e /usr/lib/gcc/arm-none-eabi/10.3.1/../../../arm-none-eabi/lib/thumb/v7e-m+dp/hard/libc_nano.a(lib_a-printf.o)
 .debug_abbrev  0x0000000000004d14      0x28e /usr/lib/gcc/arm-none-eabi/10.3.1/../../../arm-none-eabi/lib/thumb/v7e-m+dp/hard/libc_nano.a(lib_a-puts.o)
 .debug_abbrev  0x0000000000004fa2      0x21f /usr/lib/gcc/arm-none-eabi/10.3.1/../../../arm-none-eabi/lib/thumb/v7e-m+dp/hard/libc_nano.a(lib_a-wbuf.o)
 .debug_abbrev  0x00000000000051c1      0x1d4 /usr/lib/gcc/arm-none-eabi/10.3.1/../../../arm-none-eabi/lib/thumb/v7e-m+dp/hard/libc_nano.a(lib_a-wsetup.o)
 .debug_abbrev  0x0000000000005395      0x2dd /usr/lib/gcc/arm-none-eabi/10.3.1/../../../arm-none-eabi/lib/thumb/v7e-m+dp/hard/libc_nano.a(lib_a-fflush.o)
 .debug_abbrev  0x0000000000005672      0x3cd /usr/lib/gcc/arm-none-eabi/10.3.1/../../../arm-none-eabi/lib/thumb/v7e-m+dp/hard/libc_nano.a(lib_a-findfp.o)
 .debug_abbrev  0x0000000000005a3f      0x197 /usr/lib/gcc/arm-none-eabi/10.3.1/../../../arm-none-eabi/lib/thumb/v7e-m+dp/hard/libc_nano.a(lib_a-fwalk.o)
 .debug_abbrev  0x0000000000005bd6      0x278 /usr/lib/gcc/arm-none-eabi/10.3.1/../../../arm-none-eabi/lib/thumb/v7e-m+dp/hard/libc_nano.a(lib_a-makebuf.o)
 .debug_abbrev  0x0000000000005e4e      0x235 /usr/lib/gcc/arm-none-eabi/10.3.1/../../../arm-none-eabi/lib/thumb/v7e-m+dp/hard/libc_nano.a(lib_a-nano-freer.o)
 .debug_abbrev  0x0000000000006083      0x290 /usr/lib/gcc/arm-none-eabi/10.3.1/../../../arm-none-eabi/lib/thumb/v7e-m+dp/hard/libc_nano.a(lib_a-nano-mallocr.o)
 .debug_abbrev  0x0000000000006313      0x358 /usr/lib/gcc/arm-none-eabi/10.3.1/../../../arm-none-eabi/lib/thumb/v7e-m+dp/hard/libc_nano.a(lib_a-nano-vfprintf.o)
 .debug_abbrev  0x000000000000666b      0x25c /usr/lib/gcc/arm-none-eabi/10.3.1/../../../arm-none-eabi/lib/thumb/v7e-m+dp/hard/libc_nano.a(lib_a-nano-vfprintf_i.o)
 .debug_abbrev  0x00000000000068c7      0x1d6 /usr/lib/gcc/arm-none-eabi/10.3.1/../../../arm-none-eabi/lib/thumb/v7e-m+dp/hard/libc_nano.a(lib_a-sbrkr.o)
 .debug_abbrev  0x0000000000006a9d      0x1fb /usr/lib/gcc/arm-none-eabi/10.3.1/../../../arm-none-eabi/lib/thumb/v7e-m+dp/hard/libc_nano.a(lib_a-stdio.o)
 .debug_abbrev  0x0000000000006c98      0x1b0 /usr/lib/gcc/arm-none-eabi/10.3.1/../../../arm-none-eabi/lib/thumb/v7e-m+dp/hard/libc_nano.a(lib_a-writer.o)
 .debug_abbrev  0x0000000000006e48      0x1ab /usr/lib/gcc/arm-none-eabi/10.3.1/../../../arm-none-eabi/lib/thumb/v7e-m+dp/hard/libc_nano.a(lib_a-closer.o)
 .debug_abbrev  0x0000000000006ff3      0x1bf /usr/lib/gcc/arm-none-eabi/10.3.1/../../../arm-none-eabi/lib/thumb/v7e-m+dp/hard/libc_nano.a(lib_a-fstatr.o)
 .debug_abbrev  0x00000000000071b2      0x1f7 /usr/lib/gcc/arm-none-eabi/10.3.1/../../../arm-none-eabi/lib/thumb/v7e-m+dp/hard/libc_nano.a(lib_a-fvwrite.o)
 .debug_abbrev  0x00000000000073a9      0x1ab /usr/lib/gcc/arm-none-eabi/10.3.1/../../../arm-none-eabi/lib/thumb/v7e-m+dp/hard/libc_nano.a(lib_a-isattyr.o)
 .debug_abbrev  0x0000000000007554      0x1bf /usr/lib/gcc/arm-none-eabi/10.3.1/../../../arm-none-eabi/lib/thumb/v7e-m+dp/hard/libc_nano.a(lib_a-lseekr.o)
 .debug_abbrev  0x0000000000007713       0x14 /usr/lib/gcc/arm-none-eabi/10.3.1/../../../arm-none-eabi/lib/thumb/v7e-m+dp/hard/libc_nano.a(lib_a-memchr.o)
 .debug_abbrev  0x0000000000007727       0xc0 /usr/lib/gcc/arm-none-eabi/10.3.1/../../../arm-none-eabi/lib/thumb/v7e-m+dp/hard/libc_nano.a(lib_a-memmove.o)
 .debug_abbrev  0x00000000000077e7      0x189 /usr/lib/gcc/arm-none-eabi/10.3.1/../../../arm-none-eabi/lib/thumb/v7e-m+dp/hard/libc_nano.a(lib_a-mlock.o)
 .debug_abbrev  0x0000000000007970      0x1d6 /usr/lib/gcc/arm-none-eabi/10.3.1/../../../arm-none-eabi/lib/thumb/v7e-m+dp/hard/libc_nano.a(lib_a-nano-reallocr.o)
 .debug_abbrev  0x0000000000007b46      0x1ab /usr/lib/gcc/arm-none-eabi/10.3.1/../../../arm-none-eabi/lib/thumb/v7e-m+dp/hard/libc_nano.a(lib_a-readr.o)
 .debug_abbrev  0x0000000000007cf1      0x265 /usr/lib/gcc/arm-none-eabi/10.3.1/../../../arm-none-eabi/lib/thumb/v7e-m+dp/hard/libc_nano.a(lib_a-reent.o)
 .debug_abbrev  0x0000000000007f56      0x191 /usr/lib/gcc/arm-none-eabi/10.3.1/../../../arm-none-eabi/lib/thumb/v7e-m+dp/hard/libc_nano.a(lib_a-nano-msizer.o)

.debug_loc      0x0000000000000000    0x2135c
 .debug_loc     0x0000000000000000      0x3e4 build/main.o
 .debug_loc     0x00000000000003e4      0x1d7 build/gpio.o
 .debug_loc     0x00000000000005bb       0xaa build/freertos.o
 .debug_loc     0x0000000000000665       0x38 build/mdma.o
 .debug_loc     0x000000000000069d     0x1289 build/quadspi.o
 .debug_loc     0x0000000000001926       0x70 build/tim.o
 .debug_loc     0x0000000000001996       0x40 build/stm32h7xx_it.o
 .debug_loc     0x00000000000019d6       0x38 build/stm32h7xx_hal_msp.o
 .debug_loc     0x0000000000001a0e      0x1c4 build/swo.o
 .debug_loc     0x0000000000001bd2      0xb4a build/stm32h7xx_hal_cortex.o
 .debug_loc     0x000000000000271c      0xabf build/stm32h7xx_hal_rcc.o
 .debug_loc     0x00000000000031db     0x2240 build/stm32h7xx_hal_rcc_ex.o
 .debug_loc     0x000000000000541b      0x690 build/stm32h7xx_hal_gpio.o
 .debug_loc     0x0000000000005aab     0x12c8 build/stm32h7xx_hal_mdma.o
 .debug_loc     0x0000000000006d73      0x90a build/stm32h7xx_hal_pwr_ex.o
 .debug_loc     0x000000000000767d      0x9ec build/stm32h7xx_hal.o
 .debug_loc     0x0000000000008069     0x192d build/stm32h7xx_hal_qspi.o